<html>
<body>
<pre>
<h1>礦ision Build Log</h1>
<h2>Tool Versions:</h2>
IDE-Version: μVision V5.14.0.0
Copyright (C) 2015 ARM Ltd and ARM Germany GmbH. All rights reserved.
License Information: 1 Microsoft, Microsoft, LIC=W96DY-IJ354-WKAB8-3KY6M-FD8A5-H9KTB
 
Tool Versions:
Toolchain:       MDK-ARM Professional  Version: 5.14.0.0
Toolchain Path:  D:\KeilMDK\ARM\ARMCC\Bin
C Compiler:      Armcc.exe V5.05 update 1 (build 106)
Assembler:       Armasm.exe V5.05 update 1 (build 106)
Linker/Locator:  ArmLink.exe V5.05 update 1 (build 106)
Library Manager: ArmAr.exe V5.05 update 1 (build 106)
Hex Converter:   FromElf.exe V5.05 update 1 (build 106)
CPU DLL:         SARMCM3.DLL V5.14.0.0
Dialog DLL:      DCM.DLL V1.13.1.0
Target DLL:      Segger\JL2CM3.dll V2.99.13.0
Dialog DLL:      TCM.DLL V1.14.4.0
 
<h2>Project:</h2>
C:\Users\LiuLei\Desktop\程序\电容数据采集(2214)\USER\CapacitanceMeasure.uvprojx
Project File Date:  07/19/2018

<h2>Output:</h2>
Build target 'Target 1'
compiling ads1118.c...
..\HARDWARE\ADS1118\ads1118.c(61): warning:  #177-D: variable "temp" was declared but never referenced
        unsigned int temp = 0;
..\HARDWARE\ADS1118\ads1118.c(198): warning:  #177-D: variable "temp" was declared but never referenced
        unsigned int temp;
..\HARDWARE\ADS1118\ads1118.c: 2 warnings, 0 errors
linking...
Program Size: Code=20230 RO-data=3106 RW-data=136 ZI-data=6000  
FromELF: creating hex file...
"..\OBJ\CapacitanceMeasure.axf" - 0 Error(s), 2 Warning(s).

<h2>Collection of Component include folders:</h2>
  C:\Users\LiuLei\Desktop\程序\电容数据采集(2214)\USER\RTE
  D:\KeilMDK\ARM\PACK\Keil\STM32F1xx_DFP\1.0.5\Device\Include

<h2>Collection of Component Files used:</h2>
</pre>
</body>
</html>
