Component: ARM Compiler 5.05 update 1 (build 106) Tool: armlink [4d0efa]

==============================================================================

Section Cross References

    main.o(.text) refers to _printf_pad.o(.text) for _printf_pre_padding
    main.o(.text) refers to _printf_percent.o(.ARM.Collect$$_printf_percent$$00000000) for _printf_percent
    main.o(.text) refers to _printf_d.o(.ARM.Collect$$_printf_percent$$00000009) for _printf_d
    main.o(.text) refers to _printf_dec.o(.text) for _printf_int_dec
    main.o(.text) refers to _printf_f.o(.ARM.Collect$$_printf_percent$$00000003) for _printf_f
    main.o(.text) refers to printf1.o(x$fpl$printf1) for _printf_fp_dec
    main.o(.text) refers to stm32f10x_rcc.o(.text) for RCC_APB2PeriphClockCmd
    main.o(.text) refers to stm32f10x_gpio.o(.text) for GPIO_Init
    main.o(.text) refers to sys.o(.text) for NVIC_Configuration
    main.o(.text) refers to delay.o(.text) for delay_init
    main.o(.text) refers to usart.o(.text) for uart1_init
    main.o(.text) refers to fdc2x14.o(.text) for FDC2X14_Init
    main.o(.text) refers to timer.o(.text) for TIM3_Int_Init
    main.o(.text) refers to oled.o(.text) for OLED_Init
    main.o(.text) refers to ads1118.o(.text) for ADS1118_Init
    main.o(.text) refers to fflt_clz.o(x$fpl$ffltu) for __aeabi_ui2f
    main.o(.text) refers to f2d.o(x$fpl$f2d) for __aeabi_f2d
    main.o(.text) refers to dmul.o(x$fpl$dmul) for __aeabi_dmul
    main.o(.text) refers to d2f.o(x$fpl$d2f) for __aeabi_d2f
    main.o(.text) refers to noretval__2sprintf.o(.text) for __2sprintf
    main.o(.text) refers to ads1118.o(.data) for Cj_Value0
    main.o(.text) refers to fdc2x14.o(.bss) for ChValue
    system_stm32f10x.o(.text) refers to system_stm32f10x.o(.data) for SystemCoreClock
    startup_stm32f10x_md.o(STACK) refers (Special) to heapauxi.o(.text) for __use_two_region_memory
    startup_stm32f10x_md.o(HEAP) refers (Special) to heapauxi.o(.text) for __use_two_region_memory
    startup_stm32f10x_md.o(RESET) refers (Special) to heapauxi.o(.text) for __use_two_region_memory
    startup_stm32f10x_md.o(RESET) refers to startup_stm32f10x_md.o(STACK) for __initial_sp
    startup_stm32f10x_md.o(RESET) refers to startup_stm32f10x_md.o(.text) for Reset_Handler
    startup_stm32f10x_md.o(RESET) refers to stm32f10x_it.o(.text) for NMI_Handler
    startup_stm32f10x_md.o(RESET) refers to timer.o(.text) for TIM3_IRQHandler
    startup_stm32f10x_md.o(RESET) refers to usart.o(.text) for USART1_IRQHandler
    startup_stm32f10x_md.o(.text) refers (Special) to heapauxi.o(.text) for __use_two_region_memory
    startup_stm32f10x_md.o(.text) refers to system_stm32f10x.o(.text) for SystemInit
    startup_stm32f10x_md.o(.text) refers to __main.o(!!!main) for __main
    startup_stm32f10x_md.o(.text) refers to startup_stm32f10x_md.o(HEAP) for Heap_Mem
    startup_stm32f10x_md.o(.text) refers to startup_stm32f10x_md.o(STACK) for Stack_Mem
    data_sampling.o(.text) refers to usart.o(.text) for Usart1_Sendbuf
    data_sampling.o(.text) refers to data_sampling.o(.data) for ReadByteNum
    data_sampling.o(.text) refers to usart.o(.bss) for USART1_TX_BUF
    data_sampling.o(.text) refers to fdc2x14.o(.bss) for ChValue
    spi.o(.text) refers to stm32f10x_spi.o(.text) for SPI_I2S_GetFlagStatus
    spi.o(.text) refers to stm32f10x_rcc.o(.text) for RCC_APB2PeriphClockCmd
    spi.o(.text) refers to stm32f10x_gpio.o(.text) for GPIO_Init
    timer.o(.text) refers to stm32f10x_rcc.o(.text) for RCC_APB1PeriphClockCmd
    timer.o(.text) refers to stm32f10x_tim.o(.text) for TIM_TimeBaseInit
    timer.o(.text) refers to misc.o(.text) for NVIC_Init
    timer.o(.text) refers to timer.o(.data) for count
    wdg.o(.text) refers to stm32f10x_iwdg.o(.text) for IWDG_WriteAccessCmd
    wdg.o(.text) refers to stm32f10x_rcc.o(.text) for RCC_APB2PeriphClockCmd
    wdg.o(.text) refers to stm32f10x_gpio.o(.text) for GPIO_Init
    myiic.o(.text) refers to stm32f10x_rcc.o(.text) for RCC_APB2PeriphClockCmd
    myiic.o(.text) refers to stm32f10x_gpio.o(.text) for GPIO_Init
    myiic.o(.text) refers to delay.o(.text) for delay_us
    fm25v02.o(.text) refers to stm32f10x_rcc.o(.text) for RCC_APB2PeriphClockCmd
    fm25v02.o(.text) refers to stm32f10x_gpio.o(.text) for GPIO_Init
    fm25v02.o(.text) refers to spi.o(.text) for SPI2_Init
    fm25v02.o(.text) refers to noretval__2printf.o(.text) for __2printf
    fdc2x14.o(.text) refers to myiic.o(.text) for IIC_Start
    fdc2x14.o(.text) refers to stm32f10x_rcc.o(.text) for RCC_APB2PeriphClockCmd
    fdc2x14.o(.text) refers to stm32f10x_gpio.o(.text) for GPIO_Init
    ads1118.o(.text) refers to delay.o(.text) for delay_us
    ads1118.o(.text) refers to stm32f10x_rcc.o(.text) for RCC_APB2PeriphClockCmd
    ads1118.o(.text) refers to stm32f10x_gpio.o(.text) for GPIO_Init
    ads1118.o(.text) refers to ads1118.o(.data) for Cj_Value3
    oled.o(.text) refers to fdiv.o(x$fpl$fdiv) for __aeabi_fdiv
[...]
    ../clib/printf_percent.s                 0x00000000   Number         0  _printf_d.o ABSOLUTE
    ../clib/printf_percent.s                 0x00000000   Number         0  _printf_f.o ABSOLUTE
    ../clib/signal.c                         0x00000000   Number         0  defsig_rtmem_outer.o ABSOLUTE
    ../clib/signal.c                         0x00000000   Number         0  defsig_rtmem_formal.o ABSOLUTE
    ../clib/signal.c                         0x00000000   Number         0  defsig_rtred_inner.o ABSOLUTE
    ../clib/signal.c                         0x00000000   Number         0  defsig_exit.o ABSOLUTE
    ../clib/signal.c                         0x00000000   Number         0  __raise.o ABSOLUTE
    ../clib/signal.c                         0x00000000   Number         0  defsig_general.o ABSOLUTE
    ../clib/signal.c                         0x00000000   Number         0  defsig_rtmem_inner.o ABSOLUTE
    ../clib/signal.c                         0x00000000   Number         0  defsig_abrt_inner.o ABSOLUTE
    ../clib/signal.c                         0x00000000   Number         0  defsig_fpe_inner.o ABSOLUTE
    ../clib/signal.c                         0x00000000   Number         0  defsig_stak_inner.o ABSOLUTE
    ../clib/signal.c                         0x00000000   Number         0  defsig_pvfn_inner.o ABSOLUTE
    ../clib/signal.c                         0x00000000   Number         0  defsig_cppl_inner.o ABSOLUTE
    ../clib/signal.c                         0x00000000   Number         0  defsig_segv_inner.o ABSOLUTE
    ../clib/signal.c                         0x00000000   Number         0  defsig_other.o ABSOLUTE
    ../clib/signal.s                         0x00000000   Number         0  defsig.o ABSOLUTE
    ../clib/stdio.c                          0x00000000   Number         0  ferror.o ABSOLUTE
    ../clib/stdio.c                          0x00000000   Number         0  ferror_locked.o ABSOLUTE
    ../clib/stdlib.c                         0x00000000   Number         0  exit.o ABSOLUTE
    ../fplib/d2f.s                           0x00000000   Number         0  d2f.o ABSOLUTE
    ../fplib/dmul.s                          0x00000000   Number         0  dmul.o ABSOLUTE
    ../fplib/dnaninf.s                       0x00000000   Number         0  dnaninf.o ABSOLUTE
    ../fplib/dretinf.s                       0x00000000   Number         0  dretinf.o ABSOLUTE
    ../fplib/f2d.s                           0x00000000   Number         0  f2d.o ABSOLUTE
    ../fplib/faddsub.s                       0x00000000   Number         0  faddsub_clz.o ABSOLUTE
    ../fplib/fdiv.s                          0x00000000   Number         0  fdiv.o ABSOLUTE
    ../fplib/ffixu.s                         0x00000000   Number         0  ffixu.o ABSOLUTE
    ../fplib/fflt.s                          0x00000000   Number         0  fflt_clz.o ABSOLUTE
    ../fplib/fmul.s                          0x00000000   Number         0  fmul.o ABSOLUTE
    ../fplib/fnaninf.s                       0x00000000   Number         0  fnaninf.o ABSOLUTE
    ../fplib/fpinit.s                        0x00000000   Number         0  fpinit.o ABSOLUTE
    ../fplib/fretinf.s                       0x00000000   Number         0  fretinf.o ABSOLUTE
    ../fplib/istatus.s                       0x00000000   Number         0  istatus.o ABSOLUTE
    ../fplib/printf1.s                       0x00000000   Number         0  printf1.o ABSOLUTE
    ../fplib/usenofp.s                       0x00000000   Number         0  usenofp.o ABSOLUTE
    ../mathlib/fpclassify.c                  0x00000000   Number         0  fpclassify.o ABSOLUTE
    ..\CORE\core_cm3.c                       0x00000000   Number         0  core_cm3.o ABSOLUTE
    ..\CORE\startup_stm32f10x_md.s           0x00000000   Number         0  startup_stm32f10x_md.o ABSOLUTE
    ..\HARDWARE\ADS1118\ads1118.c            0x00000000   Number         0  ads1118.o ABSOLUTE
    ..\HARDWARE\DATASAMPLING\Data_sampling.c 0x00000000   Number         0  data_sampling.o ABSOLUTE
    ..\HARDWARE\FDC2X14\FDC2X14.c            0x00000000   Number         0  fdc2x14.o ABSOLUTE
    ..\HARDWARE\FM25V02\FM25V02.c            0x00000000   Number         0  fm25v02.o ABSOLUTE
    ..\HARDWARE\IIC\myiic.c                  0x00000000   Number         0  myiic.o ABSOLUTE
    ..\HARDWARE\OLED\oled.c                  0x00000000   Number         0  oled.o ABSOLUTE
    ..\HARDWARE\SPI\spi.c                    0x00000000   Number         0  spi.o ABSOLUTE
    ..\HARDWARE\TIMER\timer.c                0x00000000   Number         0  timer.o ABSOLUTE
    ..\HARDWARE\WDG\wdg.c                    0x00000000   Number         0  wdg.o ABSOLUTE
    ..\STM32F10x_FWLib\src\misc.c            0x00000000   Number         0  misc.o ABSOLUTE
    ..\STM32F10x_FWLib\src\stm32f10x_adc.c   0x00000000   Number         0  stm32f10x_adc.o ABSOLUTE
    ..\STM32F10x_FWLib\src\stm32f10x_bkp.c   0x00000000   Number         0  stm32f10x_bkp.o ABSOLUTE
    ..\STM32F10x_FWLib\src\stm32f10x_can.c   0x00000000   Number         0  stm32f10x_can.o ABSOLUTE
    ..\STM32F10x_FWLib\src\stm32f10x_cec.c   0x00000000   Number         0  stm32f10x_cec.o ABSOLUTE
    ..\STM32F10x_FWLib\src\stm32f10x_crc.c   0x00000000   Number         0  stm32f10x_crc.o ABSOLUTE
    ..\STM32F10x_FWLib\src\stm32f10x_dac.c   0x00000000   Number         0  stm32f10x_dac.o ABSOLUTE
    ..\STM32F10x_FWLib\src\stm32f10x_dbgmcu.c 0x00000000   Number         0  stm32f10x_dbgmcu.o ABSOLUTE
    ..\STM32F10x_FWLib\src\stm32f10x_dma.c   0x00000000   Number         0  stm32f10x_dma.o ABSOLUTE
    ..\STM32F10x_FWLib\src\stm32f10x_exti.c  0x00000000   Number         0  stm32f10x_exti.o ABSOLUTE
    ..\STM32F10x_FWLib\src\stm32f10x_flash.c 0x00000000   Number         0  stm32f10x_flash.o ABSOLUTE
    ..\STM32F10x_FWLib\src\stm32f10x_fsmc.c  0x00000000   Number         0  stm32f10x_fsmc.o ABSOLUTE
    ..\STM32F10x_FWLib\src\stm32f10x_gpio.c  0x00000000   Number         0  stm32f10x_gpio.o ABSOLUTE
    ..\STM32F10x_FWLib\src\stm32f10x_i2c.c   0x00000000   Number         0  stm32f10x_i2c.o ABSOLUTE
    ..\STM32F10x_FWLib\src\stm32f10x_iwdg.c  0x00000000   Number         0  stm32f10x_iwdg.o ABSOLUTE
    ..\STM32F10x_FWLib\src\stm32f10x_pwr.c   0x00000000   Number         0  stm32f10x_pwr.o ABSOLUTE
    ..\STM32F10x_FWLib\src\stm32f10x_rcc.c   0x00000000   Number         0  stm32f10x_rcc.o ABSOLUTE
    ..\STM32F10x_FWLib\src\stm32f10x_rtc.c   0x00000000   Number         0  stm32f10x_rtc.o ABSOLUTE
    ..\STM32F10x_FWLib\src\stm32f10x_sdio.c  0x00000000   Number         0  stm32f10x_sdio.o ABSOLUTE
    ..\STM32F10x_FWLib\src\stm32f10x_spi.c   0x00000000   Number         0  stm32f10x_spi.o ABSOLUTE
    ..\STM32F10x_FWLib\src\stm32f10x_tim.c   0x00000000   Number         0  stm32f10x_tim.o ABSOLUTE
    ..\STM32F10x_FWLib\src\stm32f10x_usart.c 0x00000000   Number         0  stm32f10x_usart.o ABSOLUTE
    ..\STM32F10x_FWLib\src\stm32f10x_wwdg.c  0x00000000   Number         0  stm32f10x_wwdg.o ABSOLUTE
    ..\SYSTEM\delay\delay.c                  0x00000000   Number         0  delay.o ABSOLUTE
    ..\SYSTEM\sys\sys.c                      0x00000000   Number         0  sys.o ABSOLUTE
    ..\SYSTEM\usart\usart.c                  0x00000000   Number         0  usart.o ABSOLUTE
    ..\\CORE\\core_cm3.c                     0x00000000   Number         0  core_cm3.o ABSOLUTE
    dc.s                                     0x00000000   Number         0  dc.o ABSOLUTE
    main.c                                   0x00000000   Number         0  main.o ABSOLUTE
    stm32f10x_it.c                           0x00000000   Number         0  stm32f10x_it.o ABSOLUTE
    system_stm32f10x.c                       0x00000000   Number         0  system_stm32f10x.o ABSOLUTE
    RESET                                    0x08000000   Section      236  startup_stm32f10x_md.o(RESET)
    !!!main                                  0x080000ec   Section        8  __main.o(!!!main)
    !!!scatter                               0x080000f4   Section       52  __scatter.o(!!!scatter)
    !!handler_copy                           0x08000128   Section       26  __scatter_copy.o(!!handler_copy)
    !!handler_zi                             0x08000144   Section       28  __scatter_zi.o(!!handler_zi)
    .ARM.Collect$$_printf_percent$$00000000  0x08000160   Section        0  _printf_percent.o(.ARM.Collect$$_printf_percent$$00000000)
    .ARM.Collect$$_printf_percent$$00000003  0x08000160   Section        6  _printf_f.o(.ARM.Collect$$_printf_percent$$00000003)
    .ARM.Collect$$_printf_percent$$00000009  0x08000166   Section        6  _printf_d.o(.ARM.Collect$$_printf_percent$$00000009)
    .ARM.Collect$$_printf_percent$$00000017  0x0800016c   Section        4  _printf_percent_end.o(.ARM.Collect$$_printf_percent$$00000017)
    .ARM.Collect$$libinit$$00000000          0x08000170   Section        2  libinit.o(.ARM.Collect$$libinit$$00000000)
    .ARM.Collect$$libinit$$00000002          0x08000172   Section        0  libinit2.o(.ARM.Collect$$libinit$$00000002)
    .ARM.Collect$$libinit$$00000004          0x08000172   Section        0  libinit2.o(.ARM.Collect$$libinit$$00000004)
    .ARM.Collect$$libinit$$0000000A          0x08000172   Section        0  libinit2.o(.ARM.Collect$$libinit$$0000000A)
    .ARM.Collect$$libinit$$0000000C          0x08000172   Section        0  libinit2.o(.ARM.Collect$$libinit$$0000000C)
    .ARM.Collect$$libinit$$0000000E          0x08000172   Section        0  libinit2.o(.ARM.Collect$$libinit$$0000000E)
    .ARM.Collect$$libinit$$0000000F          0x08000172   Section        6  libinit2.o(.ARM.Collect$$libinit$$0000000F)
    .ARM.Collect$$libinit$$00000011          0x08000178   Section        0  libinit2.o(.ARM.Collect$$libinit$$00000011)
    .ARM.Collect$$libinit$$00000013          0x08000178   Section        0  libinit2.o(.ARM.Collect$$libinit$$00000013)
    .ARM.Collect$$libinit$$00000015          0x08000178   Section        0  libinit2.o(.ARM.Collect$$libinit$$00000015)
    .ARM.Collect$$libinit$$00000016          0x08000178   Section       10  libinit2.o(.ARM.Collect$$libinit$$00000016)
    .ARM.Collect$$libinit$$00000017          0x08000182   Section        0  libinit2.o(.ARM.Collect$$libinit$$00000017)
    .ARM.Collect$$libinit$$00000019          0x08000182   Section        0  libinit2.o(.ARM.Collect$$libinit$$00000019)
    .ARM.Collect$$libinit$$0000001B          0x08000182   Section        0  libinit2.o(.ARM.Collect$$libinit$$0000001B)
    .ARM.Collect$$libinit$$0000001D          0x08000182   Section        0  libinit2.o(.ARM.Collect$$libinit$$0000001D)
    .ARM.Collect$$libinit$$0000001F          0x08000182   Section        0  libinit2.o(.ARM.Collect$$libinit$$0000001F)
    .ARM.Collect$$libinit$$00000021          0x08000182   Section        0  libinit2.o(.ARM.Collect$$libinit$$00000021)
    .ARM.Collect$$libinit$$00000023          0x08000182   Section        0  libinit2.o(.ARM.Collect$$libinit$$00000023)
    .ARM.Collect$$libinit$$00000025          0x08000182   Section        0  libinit2.o(.ARM.Collect$$libinit$$00000025)
    .ARM.Collect$$libinit$$0000002C          0x08000182   Section        0  libinit2.o(.ARM.Collect$$libinit$$0000002C)
    .ARM.Collect$$libinit$$0000002E          0x08000182   Section        0  libinit2.o(.ARM.Collect$$libinit$$0000002E)
    .ARM.Collect$$libinit$$00000030          0x08000182   Section        0  libinit2.o(.ARM.Collect$$libinit$$00000030)
    .ARM.Collect$$libinit$$00000032          0x08000182   Section        0  libinit2.o(.ARM.Collect$$libinit$$00000032)
    .ARM.Collect$$libinit$$00000033          0x08000182   Section        2  libinit2.o(.ARM.Collect$$libinit$$00000033)
    .ARM.Collect$$libshutdown$$00000000      0x08000184   Section        2  libshutdown.o(.ARM.Collect$$libshutdown$$00000000)
    .ARM.Collect$$libshutdown$$00000003      0x08000186   Section        0  libshutdown2.o(.ARM.Collect$$libshutdown$$00000003)
    .ARM.Collect$$libshutdown$$00000006      0x08000186   Section        0  libshutdown2.o(.ARM.Collect$$libshutdown$$00000006)
    .ARM.Collect$$libshutdown$$00000009      0x08000186   Section        0  libshutdown2.o(.ARM.Collect$$libshutdown$$00000009)
    .ARM.Collect$$libshutdown$$0000000B      0x08000186   Section        0  libshutdown2.o(.ARM.Collect$$libshutdown$$0000000B)
    .ARM.Collect$$libshutdown$$0000000E      0x08000186   Section        0  libshutdown2.o(.ARM.Collect$$libshutdown$$0000000E)
    .ARM.Collect$$libshutdown$$0000000F      0x08000186   Section        2  libshutdown2.o(.ARM.Collect$$libshutdown$$0000000F)
    .ARM.Collect$$rtentry$$00000000          0x08000188   Section        0  __rtentry.o(.ARM.Collect$$rtentry$$00000000)
    .ARM.Collect$$rtentry$$00000002          0x08000188   Section        0  __rtentry2.o(.ARM.Collect$$rtentry$$00000002)
    .ARM.Collect$$rtentry$$00000004          0x08000188   Section        6  __rtentry4.o(.ARM.Collect$$rtentry$$00000004)
    .ARM.Collect$$rtentry$$00000009          0x0800018e   Section        0  __rtentry2.o(.ARM.Collect$$rtentry$$00000009)
    .ARM.Collect$$rtentry$$0000000A          0x0800018e   Section        4  __rtentry2.o(.ARM.Collect$$rtentry$$0000000A)
    .ARM.Collect$$rtentry$$0000000C          0x08000192   Section        0  __rtentry2.o(.ARM.Collect$$rtentry$$0000000C)
    .ARM.Collect$$rtentry$$0000000D          0x08000192   Section        8  __rtentry2.o(.ARM.Collect$$rtentry$$0000000D)
    .ARM.Collect$$rtexit$$00000000           0x0800019a   Section        2  rtexit.o(.ARM.Collect$$rtexit$$00000000)
    .ARM.Collect$$rtexit$$00000002           0x0800019c   Section        0  rtexit2.o(.ARM.Collect$$rtexit$$00000002)
    .ARM.Collect$$rtexit$$00000003           0x0800019c   Section        4  rtexit2.o(.ARM.Collect$$rtexit$$00000003)
    .ARM.Collect$$rtexit$$00000004           0x080001a0   Section        6  rtexit2.o(.ARM.Collect$$rtexit$$00000004)
    .text                                    0x080001a8   Section        0  main.o(.text)
    .text                                    0x0800035c   Section        0  stm32f10x_it.o(.text)
    .text                                    0x08000378   Section        0  system_stm32f10x.o(.text)
    SetSysClockTo72                          0x08000379   Thumb Code   214  system_stm32f10x.o(.text)
    SetSysClock                              0x0800044f   Thumb Code     8  system_stm32f10x.o(.text)
    .text                                    0x08000558   Section       64  startup_stm32f10x_md.o(.text)
    .text                                    0x08000598   Section        0  timer.o(.text)
    .text                                    0x08000714   Section        0  myiic.o(.text)
    .text                                    0x080009ac   Section        0  fdc2x14.o(.text)
    .text                                    0x08000c4c   Section        0  ads1118.o(.text)
    .text                                    0x08000f14   Section        0  oled.o(.text)
    .text                                    0x080013fc   Section        0  misc.o(.text)
    .text                                    0x080014d8   Section        0  stm32f10x_gpio.o(.text)
    .text                                    0x08001834   Section        0  stm32f10x_rcc.o(.text)
    .text                                    0x08001bd8   Section        0  stm32f10x_tim.o(.text)
    TI4_Config                               0x0800207f   Thumb Code   130  stm32f10x_tim.o(.text)
    TI3_Config                               0x08002113   Thumb Code   122  stm32f10x_tim.o(.text)
    TI2_Config                               0x080021a7   Thumb Code   130  stm32f10x_tim.o(.text)
    TI1_Config                               0x0800223b   Thumb Code   108  stm32f10x_tim.o(.text)
    .text                                    0x080029f4   Section        0  stm32f10x_usart.o(.text)
    .text                                    0x08002dfc   Section        0  delay.o(.text)
    .text                                    0x08002ed0   Section        0  sys.o(.text)
    .text                                    0x08002edc   Section        0  usart.o(.text)
    .text                                    0x08003634   Section        2  use_no_semi_2.o(.text)
    .text                                    0x08003638   Section        0  noretval__2sprintf.o(.text)
    .text                                    0x08003660   Section        0  _printf_pad.o(.text)
    .text                                    0x080036b0   Section        0  _printf_dec.o(.text)
    .text                                    0x08003728   Section        0  __printf_wp.o(.text)
    .text                                    0x08003836   Section        0  heapauxi.o(.text)
    .text                                    0x0800383c   Section        2  use_no_semi.o(.text)
    .text                                    0x0800383e   Section        0  _printf_intcommon.o(.text)
    .text                                    0x080038f0   Section        0  _printf_fp_dec.o(.text)
    _fp_digits                               0x080038f3   Thumb Code   428  _printf_fp_dec.o(.text)
    .text                                    0x08003d0c   Section        0  _printf_char_common.o(.text)
    _printf_input_char                       0x08003d0d   Thumb Code    10  _printf_char_common.o(.text)
    .text                                    0x08003d3c   Section        0  _sputc.o(.text)
    .text                                    0x08003d48   Section        8  rt_locale_intlibspace.o(.text)
    .text                                    0x08003d50   Section      138  lludiv10.o(.text)
    .text                                    0x08003ddc   Section        0  _printf_fp_infnan.o(.text)
    .text                                    0x08003e5c   Section        0  bigflt0.o(.text)
    .text                                    0x08003f38   Section        8  libspace.o(.text)
    .text                                    0x08003f40   Section       74  sys_stackheap_outer.o(.text)
    .text                                    0x08003f8a   Section        0  exit.o(.text)
    .text                                    0x08003f98   Section      128  strcmpv7m.o(.text)
    CL$$btod_d2e                             0x08004018   Section       62  btod.o(CL$$btod_d2e)
    CL$$btod_d2e_denorm_low                  0x08004056   Section       70  btod.o(CL$$btod_d2e_denorm_low)
    CL$$btod_d2e_norm_op1                    0x0800409c   Section       96  btod.o(CL$$btod_d2e_norm_op1)
    CL$$btod_div_common                      0x080040fc   Section      824  btod.o(CL$$btod_div_common)
    CL$$btod_e2e                             0x08004434   Section      198  btod.o(CL$$btod_e2e)
    CL$$btod_ediv                            0x080044fa   Section       40  btod.o(CL$$btod_ediv)
    CL$$btod_emul                            0x08004522   Section       40  btod.o(CL$$btod_emul)
    CL$$btod_mult_common                     0x0800454a   Section      580  btod.o(CL$$btod_mult_common)
    i.__ARM_fpclassify                       0x0800478e   Section        0  fpclassify.o(i.__ARM_fpclassify)
    i._is_digit                              0x080047b6   Section        0  __printf_wp.o(i._is_digit)
    locale$$code                             0x080047c4   Section       44  lc_numeric_c.o(locale$$code)
    x$fpl$d2f                                0x080047f0   Section       98  d2f.o(x$fpl$d2f)
    x$fpl$dmul                               0x08004854   Section      340  dmul.o(x$fpl$dmul)
    x$fpl$dnaninf                            0x080049a8   Section      156  dnaninf.o(x$fpl$dnaninf)
    x$fpl$dretinf                            0x08004a44   Section       12  dretinf.o(x$fpl$dretinf)
    x$fpl$f2d                                0x08004a50   Section       86  f2d.o(x$fpl$f2d)
    x$fpl$fadd                               0x08004aa8   Section      196  faddsub_clz.o(x$fpl$fadd)
    _fadd1                                   0x08004ab7   Thumb Code     0  faddsub_clz.o(x$fpl$fadd)
    x$fpl$fdiv                               0x08004b6c   Section      388  fdiv.o(x$fpl$fdiv)
    _fdiv1                                   0x08004b6d   Thumb Code     0  fdiv.o(x$fpl$fdiv)
    x$fpl$ffixu                              0x08004cf0   Section       62  ffixu.o(x$fpl$ffixu)
    x$fpl$ffltu                              0x08004d30   Section       38  fflt_clz.o(x$fpl$ffltu)
    x$fpl$fmul                               0x08004d58   Section      258  fmul.o(x$fpl$fmul)
    x$fpl$fnaninf                            0x08004e5a   Section      140  fnaninf.o(x$fpl$fnaninf)
    x$fpl$fretinf                            0x08004ee6   Section       10  fretinf.o(x$fpl$fretinf)
    x$fpl$frsb                               0x08004ef0   Section       20  faddsub_clz.o(x$fpl$frsb)
    x$fpl$fsub                               0x08004f04   Section      234  faddsub_clz.o(x$fpl$fsub)
    _fsub1                                   0x08004f13   Thumb Code     0  faddsub_clz.o(x$fpl$fsub)
    x$fpl$printf1                            0x08004fee   Section        4  printf1.o(x$fpl$printf1)
    .constdata                               0x08004ff2   Section     2660  oled.o(.constdata)
    x$fpl$usenofp                            0x08004ff2   Section        0  usenofp.o(x$fpl$usenofp)
    .constdata                               0x08005a58   Section      148  bigflt0.o(.constdata)
    tenpwrs_x                                0x08005a58   Data          60  bigflt0.o(.constdata)
    tenpwrs_i                                0x08005a94   Data          64  bigflt0.o(.constdata)
    locale$$data                             0x08005b0c   Section       28  lc_numeric_c.o(locale$$data)
    __lcnum_c_name                           0x08005b10   Data           2  lc_numeric_c.o(locale$$data)
    __lcnum_c_start                          0x08005b18   Data           0  lc_numeric_c.o(locale$$data)
    __lcnum_c_point                          0x08005b24   Data           0  lc_numeric_c.o(locale$$data)
    __lcnum_c_thousands                      0x08005b26   Data           0  lc_numeric_c.o(locale$$data)
    __lcnum_c_grouping                       0x08005b27   Data           0  lc_numeric_c.o(locale$$data)
    __lcnum_c_end                            0x08005b28   Data           0  lc_numeric_c.o(locale$$data)
    .data                                    0x20000000   Section       20  system_stm32f10x.o(.data)
    .data                                    0x20000014   Section       12  timer.o(.data)
    .data                                    0x20000020   Section       36  ads1118.o(.data)
    .data                                    0x20000044   Section       20  stm32f10x_rcc.o(.data)
    APBAHBPrescTable                         0x20000044   Data          16  stm32f10x_rcc.o(.data)
    ADCPrescTable                            0x20000054   Data           4  stm32f10x_rcc.o(.data)
    .data                                    0x20000058   Section        4  delay.o(.data)
    fac_us                                   0x20000058   Data           1  delay.o(.data)
    fac_ms                                   0x2000005a   Data           2  delay.o(.data)
    .data                                    0x2000005c   Section       42  usart.o(.data)
    .bss                                     0x20000088   Section       16  fdc2x14.o(.bss)
    .bss                                     0x20000098   Section     1024  oled.o(.bss)
    .bss                                     0x20000498   Section     3328  usart.o(.bss)
    .bss                                     0x20001198   Section       96  libspace.o(.bss)
    HEAP                                     0x200011f8   Section      512  startup_stm32f10x_md.o(HEAP)
    Heap_Mem                                 0x200011f8   Data         512  startup_stm32f10x_md.o(HEAP)
    STACK                                    0x200013f8   Section     1024  startup_stm32f10x_md.o(STACK)
    Stack_Mem                                0x200013f8   Data        1024  startup_stm32f10x_md.o(STACK)
    __initial_sp                             0x200017f8   Data           0  startup_stm32f10x_md.o(STACK)

    Global Symbols

    Symbol Name                              Value     Ov Type        Size  Object(Section)

    BuildAttributes$$THM_ISAv4$P$D$K$B$S$PE$A:L22UL41UL21$X:L11$S22US41US21$IEEE1$IW$USESV6$~STKCKD$USESV7$~SHL$OTIME$ROPI$IEEEJ$EBA8$UX$STANDARDLIB$REQ8$PRES8$EABIv2 0x00000000   Number         0  anon$$obj.o ABSOLUTE
    __ARM_use_no_argv                        0x00000000   Number         0  main.o ABSOLUTE
    _printf_flags                            0x00000000   Number         0  printf_stubs.o ABSOLUTE
    _printf_return_value                     0x00000000   Number         0  printf_stubs.o ABSOLUTE
    _printf_sizespec                         0x00000000   Number         0  printf_stubs.o ABSOLUTE
    _printf_widthprec                        0x00000000   Number         0  printf_stubs.o ABSOLUTE
    __ARM_exceptions_init                     - Undefined Weak Reference
    __alloca_initialize                       - Undefined Weak Reference
    __arm_preinit_                            - Undefined Weak Reference
    __cpp_initialize__aeabi_                  - Undefined Weak Reference
    __cxa_finalize                            - Undefined Weak Reference
    __sigvec_lookup                           - Undefined Weak Reference
    _atexit_init                              - Undefined Weak Reference
    _call_atexit_fns                          - Undefined Weak Reference
    _clock_init                               - Undefined Weak Reference
    _fp_trap_init                             - Undefined Weak Reference
    _fp_trap_shutdown                         - Undefined Weak Reference
    _get_lc_collate                           - Undefined Weak Reference
    _get_lc_ctype                             - Undefined Weak Reference
    _get_lc_monetary                          - Undefined Weak Reference
    _get_lc_time                              - Undefined Weak Reference
    _getenv_init                              - Undefined Weak Reference
    _handle_redirection                       - Undefined Weak Reference
    _init_alloc                               - Undefined Weak Reference
    _init_user_alloc                          - Undefined Weak Reference
    _initio                                   - Undefined Weak Reference
    _mutex_acquire                            - Undefined Weak Reference
    _mutex_release                            - Undefined Weak Reference
    _printf_truncate_signed                   - Undefined Weak Reference
    _printf_truncate_unsigned                 - Undefined Weak Reference
    _rand_init                                - Undefined Weak Reference
    _signal_finish                            - Undefined Weak Reference
    _signal_init                              - Undefined Weak Reference
    _terminate_alloc                          - Undefined Weak Reference
    _terminate_user_alloc                     - Undefined Weak Reference
    _terminateio                              - Undefined Weak Reference
    __Vectors_Size                           0x000000ec   Number         0  startup_stm32f10x_md.o ABSOLUTE
    __Vectors                                0x08000000   Data           4  startup_stm32f10x_md.o(RESET)
    __Vectors_End                            0x080000ec   Data           0  startup_stm32f10x_md.o(RESET)
    __main                                   0x080000ed   Thumb Code     8  __main.o(!!!main)
    __scatterload                            0x080000f5   Thumb Code     0  __scatter.o(!!!scatter)
    __scatterload_rt2                        0x080000f5   Thumb Code    44  __scatter.o(!!!scatter)
    __scatterload_rt2_thumb_only             0x080000f5   Thumb Code     0  __scatter.o(!!!scatter)
    __scatterload_null                       0x08000103   Thumb Code     0  __scatter.o(!!!scatter)
    __scatterload_copy                       0x08000129   Thumb Code    26  __scatter_copy.o(!!handler_copy)
    __scatterload_zeroinit                   0x08000145   Thumb Code    28  __scatter_zi.o(!!handler_zi)
    _printf_f                                0x08000161   Thumb Code     0  _printf_f.o(.ARM.Collect$$_printf_percent$$00000003)
    _printf_percent                          0x08000161   Thumb Code     0  _printf_percent.o(.ARM.Collect$$_printf_percent$$00000000)
    _printf_d                                0x08000167   Thumb Code     0  _printf_d.o(.ARM.Collect$$_printf_percent$$00000009)
    _printf_percent_end                      0x0800016d   Thumb Code     0  _printf_percent_end.o(.ARM.Collect$$_printf_percent$$00000017)
    __rt_lib_init                            0x08000171   Thumb Code     0  libinit.o(.ARM.Collect$$libinit$$00000000)
    __rt_lib_init_fp_1                       0x08000173   Thumb Code     0  libinit2.o(.ARM.Collect$$libinit$$00000002)
    __rt_lib_init_heap_1                     0x08000173   Thumb Code     0  libinit2.o(.ARM.Collect$$libinit$$0000000A)
    __rt_lib_init_lc_common                  0x08000173   Thumb Code     0  libinit2.o(.ARM.Collect$$libinit$$0000000F)
    __rt_lib_init_preinit_1                  0x08000173   Thumb Code     0  libinit2.o(.ARM.Collect$$libinit$$00000004)
    __rt_lib_init_rand_1                     0x08000173   Thumb Code     0  libinit2.o(.ARM.Collect$$libinit$$0000000E)
    __rt_lib_init_user_alloc_1               0x08000173   Thumb Code     0  libinit2.o(.ARM.Collect$$libinit$$0000000C)
    __rt_lib_init_lc_collate_1               0x08000179   Thumb Code     0  libinit2.o(.ARM.Collect$$libinit$$00000011)
    __rt_lib_init_lc_ctype_1                 0x08000179   Thumb Code     0  libinit2.o(.ARM.Collect$$libinit$$00000013)
    __rt_lib_init_lc_monetary_1              0x08000179   Thumb Code     0  libinit2.o(.ARM.Collect$$libinit$$00000015)
    __rt_lib_init_lc_numeric_2               0x08000179   Thumb Code     0  libinit2.o(.ARM.Collect$$libinit$$00000016)
    __rt_lib_init_alloca_1                   0x08000183   Thumb Code     0  libinit2.o(.ARM.Collect$$libinit$$0000002E)
    __rt_lib_init_argv_1                     0x08000183   Thumb Code     0  libinit2.o(.ARM.Collect$$libinit$$0000002C)
    __rt_lib_init_atexit_1                   0x08000183   Thumb Code     0  libinit2.o(.ARM.Collect$$libinit$$0000001B)
    __rt_lib_init_clock_1                    0x08000183   Thumb Code     0  libinit2.o(.ARM.Collect$$libinit$$00000021)
    __rt_lib_init_cpp_1                      0x08000183   Thumb Code     0  libinit2.o(.ARM.Collect$$libinit$$00000032)
    __rt_lib_init_exceptions_1               0x08000183   Thumb Code     0  libinit2.o(.ARM.Collect$$libinit$$00000030)
    __rt_lib_init_fp_trap_1                  0x08000183   Thumb Code     0  libinit2.o(.ARM.Collect$$libinit$$0000001F)
    __rt_lib_init_getenv_1                   0x08000183   Thumb Code     0  libinit2.o(.ARM.Collect$$libinit$$00000023)
    __rt_lib_init_lc_numeric_1               0x08000183   Thumb Code     0  libinit2.o(.ARM.Collect$$libinit$$00000017)
    __rt_lib_init_lc_time_1                  0x08000183   Thumb Code     0  libinit2.o(.ARM.Collect$$libinit$$00000019)
    __rt_lib_init_return                     0x08000183   Thumb Code     0  libinit2.o(.ARM.Collect$$libinit$$00000033)
    __rt_lib_init_signal_1                   0x08000183   Thumb Code     0  libinit2.o(.ARM.Collect$$libinit$$0000001D)
    __rt_lib_init_stdio_1                    0x08000183   Thumb Code     0  libinit2.o(.ARM.Collect$$libinit$$00000025)
    __rt_lib_shutdown                        0x08000185   Thumb Code     0  libshutdown.o(.ARM.Collect$$libshutdown$$00000000)
    __rt_lib_shutdown_fp_trap_1              0x08000187   Thumb Code     0  libshutdown2.o(.ARM.Collect$$libshutdown$$00000006)
    __rt_lib_shutdown_heap_1                 0x08000187   Thumb Code     0  libshutdown2.o(.ARM.Collect$$libshutdown$$0000000E)
    __rt_lib_shutdown_return                 0x08000187   Thumb Code     0  libshutdown2.o(.ARM.Collect$$libshutdown$$0000000F)
    __rt_lib_shutdown_signal_1               0x08000187   Thumb Code     0  libshutdown2.o(.ARM.Collect$$libshutdown$$00000009)
    __rt_lib_shutdown_stdio_1                0x08000187   Thumb Code     0  libshutdown2.o(.ARM.Collect$$libshutdown$$00000003)
    __rt_lib_shutdown_user_alloc_1           0x08000187   Thumb Code     0  libshutdown2.o(.ARM.Collect$$libshutdown$$0000000B)
    __rt_entry                               0x08000189   Thumb Code     0  __rtentry.o(.ARM.Collect$$rtentry$$00000000)
    __rt_entry_presh_1                       0x08000189   Thumb Code     0  __rtentry2.o(.ARM.Collect$$rtentry$$00000002)
    __rt_entry_sh                            0x08000189   Thumb Code     0  __rtentry4.o(.ARM.Collect$$rtentry$$00000004)
    __rt_entry_li                            0x0800018f   Thumb Code     0  __rtentry2.o(.ARM.Collect$$rtentry$$0000000A)
    __rt_entry_postsh_1                      0x0800018f   Thumb Code     0  __rtentry2.o(.ARM.Collect$$rtentry$$00000009)
    __rt_entry_main                          0x08000193   Thumb Code     0  __rtentry2.o(.ARM.Collect$$rtentry$$0000000D)
    __rt_entry_postli_1                      0x08000193   Thumb Code     0  __rtentry2.o(.ARM.Collect$$rtentry$$0000000C)
    __rt_exit                                0x0800019b   Thumb Code     0  rtexit.o(.ARM.Collect$$rtexit$$00000000)
    __rt_exit_ls                             0x0800019d   Thumb Code     0  rtexit2.o(.ARM.Collect$$rtexit$$00000003)
    __rt_exit_prels_1                        0x0800019d   Thumb Code     0  rtexit2.o(.ARM.Collect$$rtexit$$00000002)
    __rt_exit_exit                           0x080001a1   Thumb Code     0  rtexit2.o(.ARM.Collect$$rtexit$$00000004)
    LED_Init                                 0x080001a9   Thumb Code    46  main.o(.text)
    main                                     0x080001d7   Thumb Code   318  main.o(.text)
    NMI_Handler                              0x0800035d   Thumb Code     2  stm32f10x_it.o(.text)
    HardFault_Handler                        0x0800035f   Thumb Code     4  stm32f10x_it.o(.text)
    MemManage_Handler                        0x08000363   Thumb Code     4  stm32f10x_it.o(.text)
    BusFault_Handler                         0x08000367   Thumb Code     4  stm32f10x_it.o(.text)
    UsageFault_Handler                       0x0800036b   Thumb Code     4  stm32f10x_it.o(.text)
    SVC_Handler                              0x0800036f   Thumb Code     2  stm32f10x_it.o(.text)
    DebugMon_Handler                         0x08000371   Thumb Code     2  stm32f10x_it.o(.text)
    PendSV_Handler                           0x08000373   Thumb Code     2  stm32f10x_it.o(.text)
    SysTick_Handler                          0x08000375   Thumb Code     2  stm32f10x_it.o(.text)
    SystemInit                               0x08000457   Thumb Code    78  system_stm32f10x.o(.text)
    SystemCoreClockUpdate                    0x080004a5   Thumb Code   142  system_stm32f10x.o(.text)
    Reset_Handler                            0x08000559   Thumb Code     8  startup_stm32f10x_md.o(.text)
    ADC1_2_IRQHandler                        0x08000573   Thumb Code     0  startup_stm32f10x_md.o(.text)
    CAN1_RX1_IRQHandler                      0x08000573   Thumb Code     0  startup_stm32f10x_md.o(.text)
    CAN1_SCE_IRQHandler                      0x08000573   Thumb Code     0  startup_stm32f10x_md.o(.text)
    DMA1_Channel1_IRQHandler                 0x08000573   Thumb Code     0  startup_stm32f10x_md.o(.text)
    DMA1_Channel2_IRQHandler                 0x08000573   Thumb Code     0  startup_stm32f10x_md.o(.text)
    DMA1_Channel3_IRQHandler                 0x08000573   Thumb Code     0  startup_stm32f10x_md.o(.text)
    DMA1_Channel4_IRQHandler                 0x08000573   Thumb Code     0  startup_stm32f10x_md.o(.text)
    DMA1_Channel5_IRQHandler                 0x08000573   Thumb Code     0  startup_stm32f10x_md.o(.text)
    DMA1_Channel6_IRQHandler                 0x08000573   Thumb Code     0  startup_stm32f10x_md.o(.text)
    DMA1_Channel7_IRQHandler                 0x08000573   Thumb Code     0  startup_stm32f10x_md.o(.text)
    EXTI0_IRQHandler                         0x08000573   Thumb Code     0  startup_stm32f10x_md.o(.text)
    EXTI15_10_IRQHandler                     0x08000573   Thumb Code     0  startup_stm32f10x_md.o(.text)
    EXTI1_IRQHandler                         0x08000573   Thumb Code     0  startup_stm32f10x_md.o(.text)
    EXTI2_IRQHandler                         0x08000573   Thumb Code     0  startup_stm32f10x_md.o(.text)
    EXTI3_IRQHandler                         0x08000573   Thumb Code     0  startup_stm32f10x_md.o(.text)
    EXTI4_IRQHandler                         0x08000573   Thumb Code     0  startup_stm32f10x_md.o(.text)
    EXTI9_5_IRQHandler                       0x08000573   Thumb Code     0  startup_stm32f10x_md.o(.text)
    FLASH_IRQHandler                         0x08000573   Thumb Code     0  startup_stm32f10x_md.o(.text)
    I2C1_ER_IRQHandler                       0x08000573   Thumb Code     0  startup_stm32f10x_md.o(.text)
    I2C1_EV_IRQHandler                       0x08000573   Thumb Code     0  startup_stm32f10x_md.o(.text)
    I2C2_ER_IRQHandler                       0x08000573   Thumb Code     0  startup_stm32f10x_md.o(.text)
    I2C2_EV_IRQHandler                       0x08000573   Thumb Code     0  startup_stm32f10x_md.o(.text)
    PVD_IRQHandler                           0x08000573   Thumb Code     0  startup_stm32f10x_md.o(.text)
    RCC_IRQHandler                           0x08000573   Thumb Code     0  startup_stm32f10x_md.o(.text)
    RTCAlarm_IRQHandler                      0x08000573   Thumb Code     0  startup_stm32f10x_md.o(.text)
    RTC_IRQHandler                           0x08000573   Thumb Code     0  startup_stm32f10x_md.o(.text)
    SPI1_IRQHandler                          0x08000573   Thumb Code     0  startup_stm32f10x_md.o(.text)
    SPI2_IRQHandler                          0x08000573   Thumb Code     0  startup_stm32f10x_md.o(.text)
    TAMPER_IRQHandler                        0x08000573   Thumb Code     0  startup_stm32f10x_md.o(.text)
    TIM1_BRK_IRQHandler                      0x08000573   Thumb Code     0  startup_stm32f10x_md.o(.text)
    TIM1_CC_IRQHandler                       0x08000573   Thumb Code     0  startup_stm32f10x_md.o(.text)
    TIM1_TRG_COM_IRQHandler                  0x08000573   Thumb Code     0  startup_stm32f10x_md.o(.text)
    TIM1_UP_IRQHandler                       0x08000573   Thumb Code     0  startup_stm32f10x_md.o(.text)
    TIM2_IRQHandler                          0x08000573   Thumb Code     0  startup_stm32f10x_md.o(.text)
    USBWakeUp_IRQHandler                     0x08000573   Thumb Code     0  startup_stm32f10x_md.o(.text)
    USB_HP_CAN1_TX_IRQHandler                0x08000573   Thumb Code     0  startup_stm32f10x_md.o(.text)
    USB_LP_CAN1_RX0_IRQHandler               0x08000573   Thumb Code     0  startup_stm32f10x_md.o(.text)
    WWDG_IRQHandler                          0x08000573   Thumb Code     0  startup_stm32f10x_md.o(.text)
    __user_initial_stackheap                 0x08000575   Thumb Code     0  startup_stm32f10x_md.o(.text)
    TIM3_Int_Init                            0x08000599   Thumb Code    90  timer.o(.text)
    TIM3_IRQHandler                          0x080005f3   Thumb Code   138  timer.o(.text)
    TIM4_Int_Init                            0x0800067d   Thumb Code    90  timer.o(.text)
    TIM4_IRQHandler                          0x080006d7   Thumb Code    22  timer.o(.text)
    IIC_Init                                 0x08000715   Thumb Code    46  myiic.o(.text)
    SDA_IN                                   0x08000743   Thumb Code    32  myiic.o(.text)
    SDA_OUT                                  0x08000763   Thumb Code    38  myiic.o(.text)
    ADS_delay                                0x08000789   Thumb Code    14  myiic.o(.text)
    ADS_clock                                0x08000797   Thumb Code    26  myiic.o(.text)
    IIC_Start                                0x080007b1   Thumb Code    50  myiic.o(.text)
    IIC_Stop                                 0x080007e3   Thumb Code    38  myiic.o(.text)
    IIC_Wait_Ack                             0x08000809   Thumb Code    68  myiic.o(.text)
    IIC_Ack                                  0x0800084d   Thumb Code    46  myiic.o(.text)
    IIC_NAck                                 0x0800087b   Thumb Code    48  myiic.o(.text)
    IIC_Send_Byte                            0x080008ab   Thumb Code    60  myiic.o(.text)
    IIC_Read_Byte                            0x080008e7   Thumb Code    52  myiic.o(.text)
    ReadDataCfgReg                           0x0800091b   Thumb Code   132  myiic.o(.text)
    SetFDC2X14                               0x080009ad   Thumb Code    78  fdc2x14.o(.text)
    FDC2X14_Init                             0x080009fb   Thumb Code   256  fdc2x14.o(.text)
    ReadFDC2X14                              0x08000afb   Thumb Code   258  fdc2x14.o(.text)
    FDC2X14ReadCH                            0x08000bfd   Thumb Code    76  fdc2x14.o(.text)
    ADSPort_Init                             0x08000c4d   Thumb Code    44  ads1118.o(.text)
    ADS1118_Config                           0x08000c79   Thumb Code   280  ads1118.o(.text)
    ADS1118_ReadDat                          0x08000d91   Thumb Code   214  ads1118.o(.text)
    ADS1118_Init                             0x08000e67   Thumb Code    98  ads1118.o(.text)
    ADS1118_TestOnce                         0x08000ec9   Thumb Code    58  ads1118.o(.text)
    OLED_WR_Byte                             0x08000f15   Thumb Code    82  oled.o(.text)
    OLED_Refresh_Gram                        0x08000f67   Thumb Code    70  oled.o(.text)
    OLED_Display_On                          0x08000fad   Thumb Code    28  oled.o(.text)
    OLED_Display_Off                         0x08000fc9   Thumb Code    28  oled.o(.text)
    OLED_Clear                               0x08000fe5   Thumb Code    42  oled.o(.text)
    OLED_DrawPoint                           0x0800100f   Thumb Code   100  oled.o(.text)
    OLED_ShowChar                            0x08001073   Thumb Code   158  oled.o(.text)
    oled_pow                                 0x08001111   Thumb Code    22  oled.o(.text)
    OLED_ShowNumber                          0x08001127   Thumb Code   148  oled.o(.text)
    OLED_ShowFloatNumber                     0x080011bb   Thumb Code   212  oled.o(.text)
    OLED_ShowString                          0x0800128f   Thumb Code    68  oled.o(.text)
    OLED_Init                                0x080012d3   Thumb Code   296  oled.o(.text)
    NVIC_PriorityGroupConfig                 0x080013fd   Thumb Code    10  misc.o(.text)
    NVIC_Init                                0x08001407   Thumb Code   100  misc.o(.text)
    NVIC_SetVectorTable                      0x0800146b   Thumb Code    14  misc.o(.text)
    NVIC_SystemLPConfig                      0x08001479   Thumb Code    34  misc.o(.text)
    SysTick_CLKSourceConfig                  0x0800149b   Thumb Code    40  misc.o(.text)
    GPIO_DeInit                              0x080014d9   Thumb Code   172  stm32f10x_gpio.o(.text)
    GPIO_AFIODeInit                          0x08001585   Thumb Code    20  stm32f10x_gpio.o(.text)
    GPIO_Init                                0x08001599   Thumb Code   278  stm32f10x_gpio.o(.text)
    GPIO_StructInit                          0x080016af   Thumb Code    16  stm32f10x_gpio.o(.text)
    GPIO_ReadInputDataBit                    0x080016bf   Thumb Code    18  stm32f10x_gpio.o(.text)
    GPIO_ReadInputData                       0x080016d1   Thumb Code     8  stm32f10x_gpio.o(.text)
    GPIO_ReadOutputDataBit                   0x080016d9   Thumb Code    18  stm32f10x_gpio.o(.text)
    GPIO_ReadOutputData                      0x080016eb   Thumb Code     8  stm32f10x_gpio.o(.text)
    GPIO_SetBits                             0x080016f3   Thumb Code     4  stm32f10x_gpio.o(.text)
    GPIO_ResetBits                           0x080016f7   Thumb Code     4  stm32f10x_gpio.o(.text)
    GPIO_WriteBit                            0x080016fb   Thumb Code    10  stm32f10x_gpio.o(.text)
    GPIO_Write                               0x08001705   Thumb Code     4  stm32f10x_gpio.o(.text)
    GPIO_PinLockConfig                       0x08001709   Thumb Code    18  stm32f10x_gpio.o(.text)
    GPIO_EventOutputConfig                   0x0800171b   Thumb Code    26  stm32f10x_gpio.o(.text)
    GPIO_EventOutputCmd                      0x08001735   Thumb Code     6  stm32f10x_gpio.o(.text)
    GPIO_PinRemapConfig                      0x0800173b   Thumb Code   138  stm32f10x_gpio.o(.text)
    GPIO_EXTILineConfig                      0x080017c5   Thumb Code    66  stm32f10x_gpio.o(.text)
    GPIO_ETH_MediaInterfaceConfig            0x08001807   Thumb Code     8  stm32f10x_gpio.o(.text)
    RCC_DeInit                               0x08001835   Thumb Code    64  stm32f10x_rcc.o(.text)
    RCC_HSEConfig                            0x08001875   Thumb Code    70  stm32f10x_rcc.o(.text)
    RCC_GetFlagStatus                        0x080018bb   Thumb Code    56  stm32f10x_rcc.o(.text)
    RCC_WaitForHSEStartUp                    0x080018f3   Thumb Code    56  stm32f10x_rcc.o(.text)
    RCC_AdjustHSICalibrationValue            0x0800192b   Thumb Code    20  stm32f10x_rcc.o(.text)
    RCC_HSICmd                               0x0800193f   Thumb Code     6  stm32f10x_rcc.o(.text)
    RCC_PLLConfig                            0x08001945   Thumb Code    24  stm32f10x_rcc.o(.text)
    RCC_PLLCmd                               0x0800195d   Thumb Code     6  stm32f10x_rcc.o(.text)
    RCC_SYSCLKConfig                         0x08001963   Thumb Code    18  stm32f10x_rcc.o(.text)
    RCC_GetSYSCLKSource                      0x08001975   Thumb Code    10  stm32f10x_rcc.o(.text)
    RCC_HCLKConfig                           0x0800197f   Thumb Code    18  stm32f10x_rcc.o(.text)
    RCC_PCLK1Config                          0x08001991   Thumb Code    18  stm32f10x_rcc.o(.text)
    RCC_PCLK2Config                          0x080019a3   Thumb Code    20  stm32f10x_rcc.o(.text)
    RCC_ITConfig                             0x080019b7   Thumb Code    26  stm32f10x_rcc.o(.text)
    RCC_USBCLKConfig                         0x080019d1   Thumb Code     8  stm32f10x_rcc.o(.text)
    RCC_ADCCLKConfig                         0x080019d9   Thumb Code    18  stm32f10x_rcc.o(.text)
    RCC_LSEConfig                            0x080019eb   Thumb Code    50  stm32f10x_rcc.o(.text)
    RCC_LSICmd                               0x08001a1d   Thumb Code     6  stm32f10x_rcc.o(.text)
    RCC_RTCCLKConfig                         0x08001a23   Thumb Code    12  stm32f10x_rcc.o(.text)
    RCC_RTCCLKCmd                            0x08001a2f   Thumb Code     8  stm32f10x_rcc.o(.text)
    RCC_GetClocksFreq                        0x08001a37   Thumb Code   192  stm32f10x_rcc.o(.text)
    RCC_AHBPeriphClockCmd                    0x08001af7   Thumb Code    26  stm32f10x_rcc.o(.text)
    RCC_APB2PeriphClockCmd                   0x08001b11   Thumb Code    26  stm32f10x_rcc.o(.text)
    RCC_APB1PeriphClockCmd                   0x08001b2b   Thumb Code    26  stm32f10x_rcc.o(.text)
    RCC_APB2PeriphResetCmd                   0x08001b45   Thumb Code    26  stm32f10x_rcc.o(.text)
    RCC_APB1PeriphResetCmd                   0x08001b5f   Thumb Code    26  stm32f10x_rcc.o(.text)
    RCC_BackupResetCmd                       0x08001b79   Thumb Code     8  stm32f10x_rcc.o(.text)
    RCC_ClockSecuritySystemCmd               0x08001b81   Thumb Code     6  stm32f10x_rcc.o(.text)
    RCC_MCOConfig                            0x08001b87   Thumb Code     6  stm32f10x_rcc.o(.text)
    RCC_ClearFlag                            0x08001b8d   Thumb Code    14  stm32f10x_rcc.o(.text)
    RCC_GetITStatus                          0x08001b9b   Thumb Code    20  stm32f10x_rcc.o(.text)
    RCC_ClearITPendingBit                    0x08001baf   Thumb Code     6  stm32f10x_rcc.o(.text)
    TIM_DeInit                               0x08001bd9   Thumb Code   424  stm32f10x_tim.o(.text)
    TIM_TimeBaseInit                         0x08001d81   Thumb Code   122  stm32f10x_tim.o(.text)
    TIM_OC1Init                              0x08001dfb   Thumb Code   132  stm32f10x_tim.o(.text)
    TIM_OC2Init                              0x08001e7f   Thumb Code   154  stm32f10x_tim.o(.text)
    TIM_OC3Init                              0x08001f19   Thumb Code   150  stm32f10x_tim.o(.text)
    TIM_OC4Init                              0x08001faf   Thumb Code   182  stm32f10x_tim.o(.text)
    TIM_SetIC4Prescaler                      0x08002065   Thumb Code    26  stm32f10x_tim.o(.text)
    TIM_SetIC3Prescaler                      0x08002101   Thumb Code    18  stm32f10x_tim.o(.text)
    TIM_SetIC2Prescaler                      0x0800218d   Thumb Code    26  stm32f10x_tim.o(.text)
    TIM_SetIC1Prescaler                      0x08002229   Thumb Code    18  stm32f10x_tim.o(.text)
    TIM_ICInit                               0x080022a7   Thumb Code   150  stm32f10x_tim.o(.text)
    TIM_PWMIConfig                           0x0800233d   Thumb Code   124  stm32f10x_tim.o(.text)
    TIM_BDTRConfig                           0x080023b9   Thumb Code    32  stm32f10x_tim.o(.text)
    TIM_TimeBaseStructInit                   0x080023d9   Thumb Code    18  stm32f10x_tim.o(.text)
    TIM_OCStructInit                         0x080023eb   Thumb Code    20  stm32f10x_tim.o(.text)
    TIM_ICStructInit                         0x080023ff   Thumb Code    18  stm32f10x_tim.o(.text)
    TIM_BDTRStructInit                       0x08002411   Thumb Code    40  stm32f10x_tim.o(.text)
    TIM_Cmd                                  0x08002439   Thumb Code    24  stm32f10x_tim.o(.text)
    TIM_CtrlPWMOutputs                       0x08002451   Thumb Code    30  stm32f10x_tim.o(.text)
    TIM_ITConfig                             0x0800246f   Thumb Code    18  stm32f10x_tim.o(.text)
    TIM_GenerateEvent                        0x08002481   Thumb Code     4  stm32f10x_tim.o(.text)
    TIM_DMAConfig                            0x08002485   Thumb Code    10  stm32f10x_tim.o(.text)
    TIM_DMACmd                               0x0800248f   Thumb Code    18  stm32f10x_tim.o(.text)
    TIM_InternalClockConfig                  0x080024a1   Thumb Code    12  stm32f10x_tim.o(.text)
    TIM_SelectInputTrigger                   0x080024ad   Thumb Code    18  stm32f10x_tim.o(.text)
    TIM_ITRxExternalClockConfig              0x080024bf   Thumb Code    24  stm32f10x_tim.o(.text)
    TIM_TIxExternalClockConfig               0x080024d7   Thumb Code    62  stm32f10x_tim.o(.text)
    TIM_ETRConfig                            0x08002515   Thumb Code    28  stm32f10x_tim.o(.text)
    TIM_ETRClockMode1Config                  0x08002531   Thumb Code    54  stm32f10x_tim.o(.text)
    TIM_ETRClockMode2Config                  0x08002567   Thumb Code    32  stm32f10x_tim.o(.text)
    TIM_PrescalerConfig                      0x08002587   Thumb Code     6  stm32f10x_tim.o(.text)
    TIM_CounterModeConfig                    0x0800258d   Thumb Code    18  stm32f10x_tim.o(.text)
    TIM_EncoderInterfaceConfig               0x0800259f   Thumb Code    66  stm32f10x_tim.o(.text)
    TIM_ForcedOC1Config                      0x080025e1   Thumb Code    18  stm32f10x_tim.o(.text)
    TIM_ForcedOC2Config                      0x080025f3   Thumb Code    26  stm32f10x_tim.o(.text)
    TIM_ForcedOC3Config                      0x0800260d   Thumb Code    18  stm32f10x_tim.o(.text)
    TIM_ForcedOC4Config                      0x0800261f   Thumb Code    26  stm32f10x_tim.o(.text)
    TIM_ARRPreloadConfig                     0x08002639   Thumb Code    24  stm32f10x_tim.o(.text)
    TIM_SelectCOM                            0x08002651   Thumb Code    24  stm32f10x_tim.o(.text)
    TIM_SelectCCDMA                          0x08002669   Thumb Code    24  stm32f10x_tim.o(.text)
    TIM_CCPreloadControl                     0x08002681   Thumb Code    24  stm32f10x_tim.o(.text)
    TIM_OC1PreloadConfig                     0x08002699   Thumb Code    18  stm32f10x_tim.o(.text)
    TIM_OC2PreloadConfig                     0x080026ab   Thumb Code    26  stm32f10x_tim.o(.text)
    TIM_OC3PreloadConfig                     0x080026c5   Thumb Code    18  stm32f10x_tim.o(.text)
    TIM_OC4PreloadConfig                     0x080026d7   Thumb Code    26  stm32f10x_tim.o(.text)
    TIM_OC1FastConfig                        0x080026f1   Thumb Code    18  stm32f10x_tim.o(.text)
    TIM_OC2FastConfig                        0x08002703   Thumb Code    26  stm32f10x_tim.o(.text)
    TIM_OC3FastConfig                        0x0800271d   Thumb Code    18  stm32f10x_tim.o(.text)
    TIM_OC4FastConfig                        0x0800272f   Thumb Code    26  stm32f10x_tim.o(.text)
    TIM_ClearOC1Ref                          0x08002749   Thumb Code    18  stm32f10x_tim.o(.text)
    TIM_ClearOC2Ref                          0x0800275b   Thumb Code    24  stm32f10x_tim.o(.text)
    TIM_ClearOC3Ref                          0x08002773   Thumb Code    18  stm32f10x_tim.o(.text)
    TIM_ClearOC4Ref                          0x08002785   Thumb Code    24  stm32f10x_tim.o(.text)
    TIM_OC1PolarityConfig                    0x0800279d   Thumb Code    18  stm32f10x_tim.o(.text)
    TIM_OC1NPolarityConfig                   0x080027af   Thumb Code    18  stm32f10x_tim.o(.text)
    TIM_OC2PolarityConfig                    0x080027c1   Thumb Code    26  stm32f10x_tim.o(.text)
    TIM_OC2NPolarityConfig                   0x080027db   Thumb Code    26  stm32f10x_tim.o(.text)
    TIM_OC3PolarityConfig                    0x080027f5   Thumb Code    26  stm32f10x_tim.o(.text)
    TIM_OC3NPolarityConfig                   0x0800280f   Thumb Code    26  stm32f10x_tim.o(.text)
    TIM_OC4PolarityConfig                    0x08002829   Thumb Code    26  stm32f10x_tim.o(.text)
    TIM_CCxCmd                               0x08002843   Thumb Code    30  stm32f10x_tim.o(.text)
    TIM_CCxNCmd                              0x08002861   Thumb Code    30  stm32f10x_tim.o(.text)
    TIM_SelectOCxM                           0x0800287f   Thumb Code    82  stm32f10x_tim.o(.text)
    TIM_UpdateDisableConfig                  0x080028d1   Thumb Code    24  stm32f10x_tim.o(.text)
    TIM_UpdateRequestConfig                  0x080028e9   Thumb Code    24  stm32f10x_tim.o(.text)
    TIM_SelectHallSensor                     0x08002901   Thumb Code    24  stm32f10x_tim.o(.text)
    TIM_SelectOnePulseMode                   0x08002919   Thumb Code    18  stm32f10x_tim.o(.text)
    TIM_SelectOutputTrigger                  0x0800292b   Thumb Code    18  stm32f10x_tim.o(.text)
    TIM_SelectSlaveMode                      0x0800293d   Thumb Code    18  stm32f10x_tim.o(.text)
    TIM_SelectMasterSlaveMode                0x0800294f   Thumb Code    18  stm32f10x_tim.o(.text)
    TIM_SetCounter                           0x08002961   Thumb Code     4  stm32f10x_tim.o(.text)
    TIM_SetAutoreload                        0x08002965   Thumb Code     4  stm32f10x_tim.o(.text)
    TIM_SetCompare1                          0x08002969   Thumb Code     4  stm32f10x_tim.o(.text)
    TIM_SetCompare2                          0x0800296d   Thumb Code     4  stm32f10x_tim.o(.text)
    TIM_SetCompare3                          0x08002971   Thumb Code     4  stm32f10x_tim.o(.text)
    TIM_SetCompare4                          0x08002975   Thumb Code     6  stm32f10x_tim.o(.text)
    TIM_SetClockDivision                     0x0800297b   Thumb Code    18  stm32f10x_tim.o(.text)
    TIM_GetCapture1                          0x0800298d   Thumb Code     6  stm32f10x_tim.o(.text)
    TIM_GetCapture2                          0x08002993   Thumb Code     6  stm32f10x_tim.o(.text)
    TIM_GetCapture3                          0x08002999   Thumb Code     6  stm32f10x_tim.o(.text)
    TIM_GetCapture4                          0x0800299f   Thumb Code     8  stm32f10x_tim.o(.text)
    TIM_GetCounter                           0x080029a7   Thumb Code     6  stm32f10x_tim.o(.text)
    TIM_GetPrescaler                         0x080029ad   Thumb Code     6  stm32f10x_tim.o(.text)
    TIM_GetFlagStatus                        0x080029b3   Thumb Code    18  stm32f10x_tim.o(.text)
    TIM_ClearFlag                            0x080029c5   Thumb Code     6  stm32f10x_tim.o(.text)
    TIM_GetITStatus                          0x080029cb   Thumb Code    34  stm32f10x_tim.o(.text)
    TIM_ClearITPendingBit                    0x080029ed   Thumb Code     6  stm32f10x_tim.o(.text)
    USART_DeInit                             0x080029f5   Thumb Code   134  stm32f10x_usart.o(.text)
    USART_Init                               0x08002a7b   Thumb Code   210  stm32f10x_usart.o(.text)
    USART_StructInit                         0x08002b4d   Thumb Code    24  stm32f10x_usart.o(.text)
    USART_ClockInit                          0x08002b65   Thumb Code    34  stm32f10x_usart.o(.text)
    USART_ClockStructInit                    0x08002b87   Thumb Code    12  stm32f10x_usart.o(.text)
    USART_Cmd                                0x08002b93   Thumb Code    24  stm32f10x_usart.o(.text)
    USART_ITConfig                           0x08002bab   Thumb Code    74  stm32f10x_usart.o(.text)
    USART_DMACmd                             0x08002bf5   Thumb Code    18  stm32f10x_usart.o(.text)
    USART_SetAddress                         0x08002c07   Thumb Code    18  stm32f10x_usart.o(.text)
    USART_WakeUpConfig                       0x08002c19   Thumb Code    18  stm32f10x_usart.o(.text)
    USART_ReceiverWakeUpCmd                  0x08002c2b   Thumb Code    24  stm32f10x_usart.o(.text)
    USART_LINBreakDetectLengthConfig         0x08002c43   Thumb Code    18  stm32f10x_usart.o(.text)
    USART_LINCmd                             0x08002c55   Thumb Code    24  stm32f10x_usart.o(.text)
    USART_SendData                           0x08002c6d   Thumb Code     8  stm32f10x_usart.o(.text)
    USART_ReceiveData                        0x08002c75   Thumb Code    10  stm32f10x_usart.o(.text)
    USART_SendBreak                          0x08002c7f   Thumb Code    10  stm32f10x_usart.o(.text)
    USART_SetGuardTime                       0x08002c89   Thumb Code    16  stm32f10x_usart.o(.text)
    USART_SetPrescaler                       0x08002c99   Thumb Code    16  stm32f10x_usart.o(.text)
    USART_SmartCardCmd                       0x08002ca9   Thumb Code    24  stm32f10x_usart.o(.text)
    USART_SmartCardNACKCmd                   0x08002cc1   Thumb Code    24  stm32f10x_usart.o(.text)
    USART_HalfDuplexCmd                      0x08002cd9   Thumb Code    24  stm32f10x_usart.o(.text)
    USART_OverSampling8Cmd                   0x08002cf1   Thumb Code    22  stm32f10x_usart.o(.text)
    USART_OneBitMethodCmd                    0x08002d07   Thumb Code    24  stm32f10x_usart.o(.text)
    USART_IrDAConfig                         0x08002d1f   Thumb Code    18  stm32f10x_usart.o(.text)
    USART_IrDACmd                            0x08002d31   Thumb Code    24  stm32f10x_usart.o(.text)
    USART_GetFlagStatus                      0x08002d49   Thumb Code    26  stm32f10x_usart.o(.text)
    USART_ClearFlag                          0x08002d63   Thumb Code    18  stm32f10x_usart.o(.text)
    USART_GetITStatus                        0x08002d75   Thumb Code    84  stm32f10x_usart.o(.text)
    USART_ClearITPendingBit                  0x08002dc9   Thumb Code    52  stm32f10x_usart.o(.text)
    delay_init                               0x08002dfd   Thumb Code    50  delay.o(.text)
    delay_us                                 0x08002e2f   Thumb Code    72  delay.o(.text)
    delay_ms                                 0x08002e77   Thumb Code    72  delay.o(.text)
    NVIC_Configuration                       0x08002ed1   Thumb Code    12  sys.o(.text)
    _sys_exit                                0x08002edd   Thumb Code     6  usart.o(.text)
    fputc                                    0x08002ee3   Thumb Code    24  usart.o(.text)
    uart1_init                               0x08002efb   Thumb Code   180  usart.o(.text)
    uart2_init                               0x08002faf   Thumb Code   172  usart.o(.text)
    uart3_init                               0x0800305b   Thumb Code   176  usart.o(.text)
    USART1_IRQHandler                        0x0800310b   Thumb Code   180  usart.o(.text)
    USART2_IRQHandler                        0x080031bf   Thumb Code   168  usart.o(.text)
    USART3_IRQHandler                        0x08003267   Thumb Code   234  usart.o(.text)
    UART4_IRQHandler                         0x08003351   Thumb Code   206  usart.o(.text)
    UART5_IRQHandler                         0x0800341f   Thumb Code    84  usart.o(.text)
    Usart1_Send                              0x08003473   Thumb Code    44  usart.o(.text)
    Usart2_Send                              0x0800349f   Thumb Code    44  usart.o(.text)
    Usart3_Send                              0x080034cb   Thumb Code    44  usart.o(.text)
    Usart4_Send                              0x080034f7   Thumb Code    44  usart.o(.text)
    Usart5_Send                              0x08003523   Thumb Code    44  usart.o(.text)
    Usart1_Sendbuf                           0x0800354f   Thumb Code    80  usart.o(.text)
    Usart4_Sendbuf                           0x0800359f   Thumb Code    80  usart.o(.text)
    __use_no_semihosting                     0x08003635   Thumb Code     2  use_no_semi_2.o(.text)
    __2sprintf                               0x08003639   Thumb Code    34  noretval__2sprintf.o(.text)
    _printf_pre_padding                      0x08003661   Thumb Code    44  _printf_pad.o(.text)
    _printf_post_padding                     0x0800368d   Thumb Code    34  _printf_pad.o(.text)
    _printf_int_dec                          0x080036b1   Thumb Code   104  _printf_dec.o(.text)
    __printf                                 0x08003729   Thumb Code   270  __printf_wp.o(.text)
    __use_two_region_memory                  0x08003837   Thumb Code     2  heapauxi.o(.text)
    __rt_heap_escrow$2region                 0x08003839   Thumb Code     2  heapauxi.o(.text)
    __rt_heap_expand$2region                 0x0800383b   Thumb Code     2  heapauxi.o(.text)
    __I$use$semihosting                      0x0800383d   Thumb Code     0  use_no_semi.o(.text)
    __use_no_semihosting_swi                 0x0800383d   Thumb Code     2  use_no_semi.o(.text)
    _printf_int_common                       0x0800383f   Thumb Code   178  _printf_intcommon.o(.text)
    __lib_sel_fp_printf                      0x080038f1   Thumb Code     2  _printf_fp_dec.o(.text)
    _printf_fp_dec_real                      0x08003a9f   Thumb Code   620  _printf_fp_dec.o(.text)
    _printf_char_common                      0x08003d17   Thumb Code    32  _printf_char_common.o(.text)
    _sputc                                   0x08003d3d   Thumb Code    10  _sputc.o(.text)
    __rt_locale                              0x08003d49   Thumb Code     8  rt_locale_intlibspace.o(.text)
    _ll_udiv10                               0x08003d51   Thumb Code   138  lludiv10.o(.text)
    _printf_fp_infnan                        0x08003ddd   Thumb Code   112  _printf_fp_infnan.o(.text)
    _btod_etento                             0x08003e5d   Thumb Code   216  bigflt0.o(.text)
    __user_libspace                          0x08003f39   Thumb Code     8  libspace.o(.text)
    __user_perproc_libspace                  0x08003f39   Thumb Code     0  libspace.o(.text)
    __user_perthread_libspace                0x08003f39   Thumb Code     0  libspace.o(.text)
    __user_setup_stackheap                   0x08003f41   Thumb Code    74  sys_stackheap_outer.o(.text)
    exit                                     0x08003f8b   Thumb Code    12  exit.o(.text)
    strcmp                                   0x08003f99   Thumb Code   128  strcmpv7m.o(.text)
    _btod_d2e                                0x08004019   Thumb Code    62  btod.o(CL$$btod_d2e)
    _d2e_denorm_low                          0x08004057   Thumb Code    70  btod.o(CL$$btod_d2e_denorm_low)
    _d2e_norm_op1                            0x0800409d   Thumb Code    96  btod.o(CL$$btod_d2e_norm_op1)
    __btod_div_common                        0x080040fd   Thumb Code   696  btod.o(CL$$btod_div_common)
    _e2e                                     0x08004435   Thumb Code   198  btod.o(CL$$btod_e2e)
    _btod_ediv                               0x080044fb   Thumb Code    40  btod.o(CL$$btod_ediv)
    _btod_emul                               0x08004523   Thumb Code    40  btod.o(CL$$btod_emul)
    __btod_mult_common                       0x0800454b   Thumb Code   580  btod.o(CL$$btod_mult_common)
    __ARM_fpclassify                         0x0800478f   Thumb Code    40  fpclassify.o(i.__ARM_fpclassify)
    _is_digit                                0x080047b7   Thumb Code    14  __printf_wp.o(i._is_digit)
    _get_lc_numeric                          0x080047c5   Thumb Code    44  lc_numeric_c.o(locale$$code)
    __aeabi_d2f                              0x080047f1   Thumb Code     0  d2f.o(x$fpl$d2f)
    _d2f                                     0x080047f1   Thumb Code    98  d2f.o(x$fpl$d2f)
    __aeabi_dmul                             0x08004855   Thumb Code     0  dmul.o(x$fpl$dmul)
    _dmul                                    0x08004855   Thumb Code   332  dmul.o(x$fpl$dmul)
    __fpl_dnaninf                            0x080049a9   Thumb Code   156  dnaninf.o(x$fpl$dnaninf)
    __fpl_dretinf                            0x08004a45   Thumb Code    12  dretinf.o(x$fpl$dretinf)
    __aeabi_f2d                              0x08004a51   Thumb Code     0  f2d.o(x$fpl$f2d)
    _f2d                                     0x08004a51   Thumb Code    86  f2d.o(x$fpl$f2d)
    __aeabi_fadd                             0x08004aa9   Thumb Code     0  faddsub_clz.o(x$fpl$fadd)
    _fadd                                    0x08004aa9   Thumb Code   196  faddsub_clz.o(x$fpl$fadd)
    __aeabi_fdiv                             0x08004b6d   Thumb Code     0  fdiv.o(x$fpl$fdiv)
    _fdiv                                    0x08004b6d   Thumb Code   384  fdiv.o(x$fpl$fdiv)
    __aeabi_f2uiz                            0x08004cf1   Thumb Code     0  ffixu.o(x$fpl$ffixu)
    _ffixu                                   0x08004cf1   Thumb Code    62  ffixu.o(x$fpl$ffixu)
    __aeabi_ui2f                             0x08004d31   Thumb Code     0  fflt_clz.o(x$fpl$ffltu)
    _ffltu                                   0x08004d31   Thumb Code    38  fflt_clz.o(x$fpl$ffltu)
    __aeabi_fmul                             0x08004d59   Thumb Code     0  fmul.o(x$fpl$fmul)
    _fmul                                    0x08004d59   Thumb Code   258  fmul.o(x$fpl$fmul)
    __fpl_fnaninf                            0x08004e5b   Thumb Code   140  fnaninf.o(x$fpl$fnaninf)
    __fpl_fretinf                            0x08004ee7   Thumb Code    10  fretinf.o(x$fpl$fretinf)
    __aeabi_frsub                            0x08004ef1   Thumb Code     0  faddsub_clz.o(x$fpl$frsb)
    _frsb                                    0x08004ef1   Thumb Code    20  faddsub_clz.o(x$fpl$frsb)
    __aeabi_fsub                             0x08004f05   Thumb Code     0  faddsub_clz.o(x$fpl$fsub)
    _fsub                                    0x08004f05   Thumb Code   234  faddsub_clz.o(x$fpl$fsub)
    _printf_fp_dec                           0x08004fef   Thumb Code     4  printf1.o(x$fpl$printf1)
    __I$use$fp                               0x08004ff2   Number         0  usenofp.o(x$fpl$usenofp)
    oled_asc2_1206                           0x08004ff2   Data        1140  oled.o(.constdata)
    oled_asc2_1608                           0x08005466   Data        1520  oled.o(.constdata)
    Region$$Table$$Base                      0x08005aec   Number         0  anon$$obj.o(Region$$Table)
    Region$$Table$$Limit                     0x08005b0c   Number         0  anon$$obj.o(Region$$Table)
    SystemCoreClock                          0x20000000   Data           4  system_stm32f10x.o(.data)
    AHBPrescTable                            0x20000004   Data          16  system_stm32f10x.o(.data)
    fivemsec_flag                            0x20000014   Data           1  timer.o(.data)
    usart1_flag                              0x20000015   Data           1  timer.o(.data)
    usart1_timer                             0x20000016   Data           1  timer.o(.data)
    usart1_count                             0x20000017   Data           1  timer.o(.data)
    usart4_flag                              0x20000018   Data           1  timer.o(.data)
    usart4_timer                             0x20000019   Data           1  timer.o(.data)
    usart4_count                             0x2000001a   Data           1  timer.o(.data)
    timer4_count                             0x2000001b   Data           1  timer.o(.data)
    count                                    0x2000001c   Data           4  timer.o(.data)
    Tc_Value0                                0x20000020   Data           4  ads1118.o(.data)
    Tc_Value1                                0x20000024   Data           4  ads1118.o(.data)
    Tc_Value2                                0x20000028   Data           4  ads1118.o(.data)
    Tc_Value3                                0x2000002c   Data           4  ads1118.o(.data)
    Cj_Value0                                0x20000030   Data           4  ads1118.o(.data)
    Cj_Value1                                0x20000034   Data           4  ads1118.o(.data)
    Cj_Value2                                0x20000038   Data           4  ads1118.o(.data)
    Cj_Value3                                0x2000003c   Data           4  ads1118.o(.data)
    Voltage_Value                            0x20000040   Data           4  ads1118.o(.data)
    sendPtr4                                 0x2000005c   Data           4  usart.o(.data)
    readPtr4                                 0x20000060   Data           4  usart.o(.data)
    USART1_RX_STA                            0x20000064   Data           2  usart.o(.data)
    USART2_RX_STA                            0x20000066   Data           2  usart.o(.data)
    USART3_RX_STA                            0x20000068   Data           2  usart.o(.data)
    USART4_RX_STA                            0x2000006a   Data           2  usart.o(.data)
    USART5_RX_STA                            0x2000006c   Data           2  usart.o(.data)
    sendPtr                                  0x20000070   Data           4  usart.o(.data)
    readPtr                                  0x20000074   Data           4  usart.o(.data)
    Send_flag                                0x20000078   Data           1  usart.o(.data)
    num                                      0x2000007c   Data           4  usart.o(.data)
    __stdout                                 0x20000080   Data           4  usart.o(.data)
    USART_RX_STA                             0x20000084   Data           2  usart.o(.data)
    ChValue                                  0x20000088   Data          16  fdc2x14.o(.bss)
    OLED_GRAM                                0x20000098   Data        1024  oled.o(.bss)
    SendBuf                                  0x20000498   Data         256  usart.o(.bss)
    USART1_RX_BUF                            0x20000598   Data         256  usart.o(.bss)
    USART1_TX_BUF                            0x20000698   Data         256  usart.o(.bss)
    USART2_RX_BUF                            0x20000798   Data         256  usart.o(.bss)
    USART2_TX_BUF                            0x20000898   Data         256  usart.o(.bss)
    USART3_RX_BUF                            0x20000998   Data         256  usart.o(.bss)
    USART3_TX_BUF                            0x20000a98   Data         256  usart.o(.bss)
    USART4_RX_BUF                            0x20000b98   Data         256  usart.o(.bss)
    USART4_TX_BUF                            0x20000c98   Data         256  usart.o(.bss)
    USART5_RX_BUF                            0x20000d98   Data         256  usart.o(.bss)
    USART5_TX_BUF                            0x20000e98   Data         256  usart.o(.bss)
    USART_RX_BUF                             0x20000f98   Data         256  usart.o(.bss)
    USART_TX_BUF                             0x20001098   Data         256  usart.o(.bss)
    __libspace_start                         0x20001198   Data          96  libspace.o(.bss)
    __temporary_stack_top$libspace           0x200011f8   Data           0  libspace.o(.bss)



==============================================================================

Memory Map of the image

  Image Entry point : 0x080000ed

  Load Region LR_IROM1 (Base: 0x08000000, Size: 0x00005bb0, Max: 0x00080000, ABSOLUTE)

    Execution Region ER_IROM1 (Base: 0x08000000, Size: 0x00005b28, Max: 0x00080000, ABSOLUTE)

    Base Addr    Size         Type   Attr      Idx    E Section Name        Object

    0x08000000   0x000000ec   Data   RO          181    RESET               startup_stm32f10x_md.o
    0x080000ec   0x00000008   Code   RO          750  * !!!main             c_w.l(__main.o)
    0x080000f4   0x00000034   Code   RO         1003    !!!scatter          c_w.l(__scatter.o)
    0x08000128   0x0000001a   Code   RO         1005    !!handler_copy      c_w.l(__scatter_copy.o)
    0x08000142   0x00000002   PAD
    0x08000144   0x0000001c   Code   RO         1007    !!handler_zi        c_w.l(__scatter_zi.o)
    0x08000160   0x00000000   Code   RO          747    .ARM.Collect$$_printf_percent$$00000000  c_w.l(_printf_percent.o)
    0x08000160   0x00000006   Code   RO          746    .ARM.Collect$$_printf_percent$$00000003  c_w.l(_printf_f.o)
    0x08000166   0x00000006   Code   RO          745    .ARM.Collect$$_printf_percent$$00000009  c_w.l(_printf_d.o)
    0x0800016c   0x00000004   Code   RO          795    .ARM.Collect$$_printf_percent$$00000017  c_w.l(_printf_percent_end.o)
    0x08000170   0x00000002   Code   RO          881    .ARM.Collect$$libinit$$00000000  c_w.l(libinit.o)
    0x08000172   0x00000000   Code   RO          883    .ARM.Collect$$libinit$$00000002  c_w.l(libinit2.o)
    0x08000172   0x00000000   Code   RO          885    .ARM.Collect$$libinit$$00000004  c_w.l(libinit2.o)
    0x08000172   0x00000000   Code   RO          888    .ARM.Collect$$libinit$$0000000A  c_w.l(libinit2.o)
    0x08000172   0x00000000   Code   RO          890    .ARM.Collect$$libinit$$0000000C  c_w.l(libinit2.o)
    0x08000172   0x00000000   Code   RO          892    .ARM.Collect$$libinit$$0000000E  c_w.l(libinit2.o)
    0x08000172   0x00000006   Code   RO          893    .ARM.Collect$$libinit$$0000000F  c_w.l(libinit2.o)
    0x08000178   0x00000000   Code   RO          895    .ARM.Collect$$libinit$$00000011  c_w.l(libinit2.o)
    0x08000178   0x00000000   Code   RO          897    .ARM.Collect$$libinit$$00000013  c_w.l(libinit2.o)
    0x08000178   0x00000000   Code   RO          899    .ARM.Collect$$libinit$$00000015  c_w.l(libinit2.o)
    0x08000178   0x0000000a   Code   RO          900    .ARM.Collect$$libinit$$00000016  c_w.l(libinit2.o)
    0x08000182   0x00000000   Code   RO          901    .ARM.Collect$$libinit$$00000017  c_w.l(libinit2.o)
    0x08000182   0x00000000   Code   RO          903    .ARM.Collect$$libinit$$00000019  c_w.l(libinit2.o)
    0x08000182   0x00000000   Code   RO          905    .ARM.Collect$$libinit$$0000001B  c_w.l(libinit2.o)
    0x08000182   0x00000000   Code   RO          907    .ARM.Collect$$libinit$$0000001D  c_w.l(libinit2.o)
    0x08000182   0x00000000   Code   RO          909    .ARM.Collect$$libinit$$0000001F  c_w.l(libinit2.o)
    0x08000182   0x00000000   Code   RO          911    .ARM.Collect$$libinit$$00000021  c_w.l(libinit2.o)
    0x08000182   0x00000000   Code   RO          913    .ARM.Collect$$libinit$$00000023  c_w.l(libinit2.o)
    0x08000182   0x00000000   Code   RO          915    .ARM.Collect$$libinit$$00000025  c_w.l(libinit2.o)
    0x08000182   0x00000000   Code   RO          919    .ARM.Collect$$libinit$$0000002C  c_w.l(libinit2.o)
    0x08000182   0x00000000   Code   RO          921    .ARM.Collect$$libinit$$0000002E  c_w.l(libinit2.o)
    0x08000182   0x00000000   Code   RO          923    .ARM.Collect$$libinit$$00000030  c_w.l(libinit2.o)
    0x08000182   0x00000000   Code   RO          925    .ARM.Collect$$libinit$$00000032  c_w.l(libinit2.o)
    0x08000182   0x00000002   Code   RO          926    .ARM.Collect$$libinit$$00000033  c_w.l(libinit2.o)
    0x08000184   0x00000002   Code   RO          954    .ARM.Collect$$libshutdown$$00000000  c_w.l(libshutdown.o)
    0x08000186   0x00000000   Code   RO          964    .ARM.Collect$$libshutdown$$00000003  c_w.l(libshutdown2.o)
    0x08000186   0x00000000   Code   RO          967    .ARM.Collect$$libshutdown$$00000006  c_w.l(libshutdown2.o)
    0x08000186   0x00000000   Code   RO          970    .ARM.Collect$$libshutdown$$00000009  c_w.l(libshutdown2.o)
    0x08000186   0x00000000   Code   RO          972    .ARM.Collect$$libshutdown$$0000000B  c_w.l(libshutdown2.o)
    0x08000186   0x00000000   Code   RO          975    .ARM.Collect$$libshutdown$$0000000E  c_w.l(libshutdown2.o)
    0x08000186   0x00000002   Code   RO          976    .ARM.Collect$$libshutdown$$0000000F  c_w.l(libshutdown2.o)
    0x08000188   0x00000000   Code   RO          784    .ARM.Collect$$rtentry$$00000000  c_w.l(__rtentry.o)
    0x08000188   0x00000000   Code   RO          806    .ARM.Collect$$rtentry$$00000002  c_w.l(__rtentry2.o)
    0x08000188   0x00000006   Code   RO          818    .ARM.Collect$$rtentry$$00000004  c_w.l(__rtentry4.o)
    0x0800018e   0x00000000   Code   RO          808    .ARM.Collect$$rtentry$$00000009  c_w.l(__rtentry2.o)
    0x0800018e   0x00000004   Code   RO          809    .ARM.Collect$$rtentry$$0000000A  c_w.l(__rtentry2.o)
    0x08000192   0x00000000   Code   RO          811    .ARM.Collect$$rtentry$$0000000C  c_w.l(__rtentry2.o)
    0x08000192   0x00000008   Code   RO          812    .ARM.Collect$$rtentry$$0000000D  c_w.l(__rtentry2.o)
    0x0800019a   0x00000002   Code   RO          927    .ARM.Collect$$rtexit$$00000000  c_w.l(rtexit.o)
    0x0800019c   0x00000000   Code   RO          934    .ARM.Collect$$rtexit$$00000002  c_w.l(rtexit2.o)
    0x0800019c   0x00000004   Code   RO          935    .ARM.Collect$$rtexit$$00000003  c_w.l(rtexit2.o)
    0x080001a0   0x00000006   Code   RO          936    .ARM.Collect$$rtexit$$00000004  c_w.l(rtexit2.o)
    0x080001a6   0x00000002   PAD
    0x080001a8   0x000001b4   Code   RO            1    .text               main.o
    0x0800035c   0x0000001a   Code   RO          115    .text               stm32f10x_it.o
    0x08000376   0x00000002   PAD
    0x08000378   0x000001e0   Code   RO          150    .text               system_stm32f10x.o
    0x08000558   0x00000040   Code   RO          182    .text               startup_stm32f10x_md.o
    0x08000598   0x0000017c   Code   RO          216    .text               timer.o
    0x08000714   0x00000298   Code   RO          252    .text               myiic.o
    0x080009ac   0x000002a0   Code   RO          282    .text               fdc2x14.o
    0x08000c4c   0x000002c8   Code   RO          304    .text               ads1118.o
    0x08000f14   0x000004e6   Code   RO          322    .text               oled.o
    0x080013fa   0x00000002   PAD
    0x080013fc   0x000000dc   Code   RO          344    .text               misc.o
    0x080014d8   0x0000035c   Code   RO          509    .text               stm32f10x_gpio.o
    0x08001834   0x000003a4   Code   RO          563    .text               stm32f10x_rcc.o
    0x08001bd8   0x00000e1a   Code   RO          619    .text               stm32f10x_tim.o
    0x080029f2   0x00000002   PAD
    0x080029f4   0x00000408   Code   RO          631    .text               stm32f10x_usart.o
    0x08002dfc   0x000000d4   Code   RO          658    .text               delay.o
    0x08002ed0   0x0000000c   Code   RO          672    .text               sys.o
    0x08002edc   0x00000758   Code   RO          684    .text               usart.o
    0x08003634   0x00000002   Code   RO          709    .text               c_w.l(use_no_semi_2.o)
    0x08003636   0x00000002   PAD
    0x08003638   0x00000028   Code   RO          717    .text               c_w.l(noretval__2sprintf.o)
    0x08003660   0x0000004e   Code   RO          721    .text               c_w.l(_printf_pad.o)
    0x080036ae   0x00000002   PAD
    0x080036b0   0x00000078   Code   RO          723    .text               c_w.l(_printf_dec.o)
    0x08003728   0x0000010e   Code   RO          733    .text               c_w.l(__printf_wp.o)
    0x08003836   0x00000006   Code   RO          748    .text               c_w.l(heapauxi.o)
    0x0800383c   0x00000002   Code   RO          782    .text               c_w.l(use_no_semi.o)
    0x0800383e   0x000000b2   Code   RO          785    .text               c_w.l(_printf_intcommon.o)
    0x080038f0   0x0000041a   Code   RO          787    .text               c_w.l(_printf_fp_dec.o)
    0x08003d0a   0x00000002   PAD
    0x08003d0c   0x00000030   Code   RO          789    .text               c_w.l(_printf_char_common.o)
    0x08003d3c   0x0000000a   Code   RO          791    .text               c_w.l(_sputc.o)
    0x08003d46   0x00000002   PAD
    0x08003d48   0x00000008   Code   RO          823    .text               c_w.l(rt_locale_intlibspace.o)
    0x08003d50   0x0000008a   Code   RO          825    .text               c_w.l(lludiv10.o)
    0x08003dda   0x00000002   PAD
    0x08003ddc   0x00000080   Code   RO          827    .text               c_w.l(_printf_fp_infnan.o)
    0x08003e5c   0x000000dc   Code   RO          831    .text               c_w.l(bigflt0.o)
    0x08003f38   0x00000008   Code   RO          867    .text               c_w.l(libspace.o)
    0x08003f40   0x0000004a   Code   RO          870    .text               c_w.l(sys_stackheap_outer.o)
    0x08003f8a   0x0000000c   Code   RO          872    .text               c_w.l(exit.o)
    0x08003f96   0x00000002   PAD
    0x08003f98   0x00000080   Code   RO          874    .text               c_w.l(strcmpv7m.o)
    0x08004018   0x0000003e   Code   RO          834    CL$$btod_d2e        c_w.l(btod.o)
    0x08004056   0x00000046   Code   RO          836    CL$$btod_d2e_denorm_low  c_w.l(btod.o)
    0x0800409c   0x00000060   Code   RO          835    CL$$btod_d2e_norm_op1  c_w.l(btod.o)
    0x080040fc   0x00000338   Code   RO          844    CL$$btod_div_common  c_w.l(btod.o)
    0x08004434   0x000000c6   Code   RO          841    CL$$btod_e2e        c_w.l(btod.o)
    0x080044fa   0x00000028   Code   RO          838    CL$$btod_ediv       c_w.l(btod.o)
    0x08004522   0x00000028   Code   RO          837    CL$$btod_emul       c_w.l(btod.o)
    0x0800454a   0x00000244   Code   RO          843    CL$$btod_mult_common  c_w.l(btod.o)
    0x0800478e   0x00000028   Code   RO          865    i.__ARM_fpclassify  m_ws.l(fpclassify.o)
    0x080047b6   0x0000000e   Code   RO          735    i._is_digit         c_w.l(__printf_wp.o)
    0x080047c4   0x0000002c   Code   RO          861    locale$$code        c_w.l(lc_numeric_c.o)
    0x080047f0   0x00000062   Code   RO          752    x$fpl$d2f           fz_ws.l(d2f.o)
    0x08004852   0x00000002   PAD
    0x08004854   0x00000154   Code   RO          754    x$fpl$dmul          fz_ws.l(dmul.o)
    0x080049a8   0x0000009c   Code   RO          796    x$fpl$dnaninf       fz_ws.l(dnaninf.o)
    0x08004a44   0x0000000c   Code   RO          798    x$fpl$dretinf       fz_ws.l(dretinf.o)
    0x08004a50   0x00000056   Code   RO          756    x$fpl$f2d           fz_ws.l(f2d.o)
    0x08004aa6   0x00000002   PAD
    0x08004aa8   0x000000c4   Code   RO          758    x$fpl$fadd          fz_ws.l(faddsub_clz.o)
    0x08004b6c   0x00000184   Code   RO          765    x$fpl$fdiv          fz_ws.l(fdiv.o)
    0x08004cf0   0x0000003e   Code   RO          768    x$fpl$ffixu         fz_ws.l(ffixu.o)
    0x08004d2e   0x00000002   PAD
    0x08004d30   0x00000026   Code   RO          772    x$fpl$ffltu         fz_ws.l(fflt_clz.o)
    0x08004d56   0x00000002   PAD
    0x08004d58   0x00000102   Code   RO          778    x$fpl$fmul          fz_ws.l(fmul.o)
    0x08004e5a   0x0000008c   Code   RO          800    x$fpl$fnaninf       fz_ws.l(fnaninf.o)
    0x08004ee6   0x0000000a   Code   RO          802    x$fpl$fretinf       fz_ws.l(fretinf.o)
    0x08004ef0   0x00000014   Code   RO          759    x$fpl$frsb          fz_ws.l(faddsub_clz.o)
    0x08004f04   0x000000ea   Code   RO          760    x$fpl$fsub          fz_ws.l(faddsub_clz.o)
    0x08004fee   0x00000004   Code   RO          780    x$fpl$printf1       fz_ws.l(printf1.o)
    0x08004ff2   0x00000000   Code   RO          804    x$fpl$usenofp       fz_ws.l(usenofp.o)
    0x08004ff2   0x00000a64   Data   RO          324    .constdata          oled.o
    0x08005a56   0x00000002   PAD
    0x08005a58   0x00000094   Data   RO          832    .constdata          c_w.l(bigflt0.o)
    0x08005aec   0x00000020   Data   RO         1001    Region$$Table       anon$$obj.o
    0x08005b0c   0x0000001c   Data   RO          860    locale$$data        c_w.l(lc_numeric_c.o)


    Execution Region RW_IRAM1 (Base: 0x20000000, Size: 0x000017f8, Max: 0x00010000, ABSOLUTE)

    Base Addr    Size         Type   Attr      Idx    E Section Name        Object

    0x20000000   0x00000014   Data   RW          151    .data               system_stm32f10x.o
    0x20000014   0x0000000c   Data   RW          217    .data               timer.o
    0x20000020   0x00000024   Data   RW          305    .data               ads1118.o
    0x20000044   0x00000014   Data   RW          564    .data               stm32f10x_rcc.o
    0x20000058   0x00000004   Data   RW          659    .data               delay.o
    0x2000005c   0x0000002a   Data   RW          686    .data               usart.o
    0x20000086   0x00000002   PAD
    0x20000088   0x00000010   Zero   RW          283    .bss                fdc2x14.o
    0x20000098   0x00000400   Zero   RW          323    .bss                oled.o
    0x20000498   0x00000d00   Zero   RW          685    .bss                usart.o
    0x20001198   0x00000060   Zero   RW          868    .bss                c_w.l(libspace.o)
    0x200011f8   0x00000200   Zero   RW          180    HEAP                startup_stm32f10x_md.o
    0x200013f8   0x00000400   Zero   RW          179    STACK               startup_stm32f10x_md.o


==============================================================================

Image component sizes


      Code (inc. data)   RO Data    RW Data    ZI Data      Debug   Object Name

       712         18          0         36          0       2252   ads1118.o
         0          0          0          0          0         32   core_cm3.o
       212         18          0          4          0       1015   delay.o
       672          4          0          0         16       2170   fdc2x14.o
       436         72          0          0          0     253736   main.o
       220         22          0          0          0       1797   misc.o
       664         14          0          0          0       2770   myiic.o
      1254         28       2660          0       1024       4952   oled.o
        64         26        236          0       1536        792   startup_stm32f10x_md.o
       860         38          0          0          0       5641   stm32f10x_gpio.o
        26          0          0          0          0       1178   stm32f10x_it.o
       932         36          0         20          0       8812   stm32f10x_rcc.o
      3610         88          0          0          0      22128   stm32f10x_tim.o
      1032         22          0          0          0       8368   stm32f10x_usart.o
        12          0          0          0          0        449   sys.o
       480         38          0         20          0       1731   system_stm32f10x.o
       380         40          0         12          0       1829   timer.o
      1880        138          0         42       3328       8184   usart.o

    ----------------------------------------------------------------------
     13452        602       2930        136       5904     327836   Object Totals
         0          0         32          0          0          0   (incl. Generated)
         6          0          2          2          0          0   (incl. Padding)

    ----------------------------------------------------------------------

      Code (inc. data)   RO Data    RW Data    ZI Data      Debug   Library Member Name

         8          0          0          0          0         68   __main.o
       284          0          0          0          0        156   __printf_wp.o
         0          0          0          0          0          0   __rtentry.o
        12          0          0          0          0          0   __rtentry2.o
         6          0          0          0          0          0   __rtentry4.o
        52          8          0          0          0          0   __scatter.o
        26          0          0          0          0          0   __scatter_copy.o
        28          0          0          0          0          0   __scatter_zi.o
        48          6          0          0          0         96   _printf_char_common.o
         6          0          0          0          0          0   _printf_d.o
       120         16          0          0          0         92   _printf_dec.o
         6          0          0          0          0          0   _printf_f.o
      1050          0          0          0          0        216   _printf_fp_dec.o
       128         16          0          0          0         84   _printf_fp_infnan.o
       178          0          0          0          0         88   _printf_intcommon.o
        78          0          0          0          0        108   _printf_pad.o
         0          0          0          0          0          0   _printf_percent.o
         4          0          0          0          0          0   _printf_percent_end.o
        10          0          0          0          0         68   _sputc.o
       220          4        148          0          0         96   bigflt0.o
      1910        128          0          0          0        672   btod.o
        12          0          0          0          0         72   exit.o
         6          0          0          0          0        152   heapauxi.o
        44         10         28          0          0         76   lc_numeric_c.o
         2          0          0          0          0          0   libinit.o
        18          0          0          0          0          0   libinit2.o
         2          0          0          0          0          0   libshutdown.o
         2          0          0          0          0          0   libshutdown2.o
         8          4          0          0         96         68   libspace.o
       138          0          0          0          0         80   lludiv10.o
        40          6          0          0          0         84   noretval__2sprintf.o
         8          4          0          0          0         68   rt_locale_intlibspace.o
         2          0          0          0          0          0   rtexit.o
        10          0          0          0          0          0   rtexit2.o
       128          0          0          0          0         68   strcmpv7m.o
        74          0          0          0          0         80   sys_stackheap_outer.o
         2          0          0          0          0         68   use_no_semi.o
         2          0          0          0          0         68   use_no_semi_2.o
        98          4          0          0          0         92   d2f.o
       340         12          0          0          0        104   dmul.o
       156          4          0          0          0         92   dnaninf.o
        12          0          0          0          0         68   dretinf.o
        86          4          0          0          0         84   f2d.o
       450          8          0          0          0        236   faddsub_clz.o
       388         76          0          0          0         96   fdiv.o
        62          4          0          0          0         84   ffixu.o
        38          0          0          0          0         68   fflt_clz.o
       258          4          0          0          0         84   fmul.o
       140          4          0          0          0         84   fnaninf.o
        10          0          0          0          0         68   fretinf.o
         4          0          0          0          0         68   printf1.o
         0          0          0          0          0          0   usenofp.o
        40          0          0          0          0         68   fpclassify.o

    ----------------------------------------------------------------------
      6778        322        176          0         96       3924   Library Totals
        24          0          0          0          0          0   (incl. Padding)

    ----------------------------------------------------------------------

      Code (inc. data)   RO Data    RW Data    ZI Data      Debug   Library Name

      4672        202        176          0         96       2628   c_w.l
      2042        120          0          0          0       1228   fz_ws.l
        40          0          0          0          0         68   m_ws.l

    ----------------------------------------------------------------------
      6778        322        176          0         96       3924   Library Totals

    ----------------------------------------------------------------------

==============================================================================


      Code (inc. data)   RO Data    RW Data    ZI Data      Debug   

     20230        924       3106        136       6000     328272   Grand Totals
     20230        924       3106        136       6000     328272   ELF Image Totals
     20230        924       3106        136          0          0   ROM Totals

==============================================================================

    Total RO  Size (Code + RO Data)                23336 (  22.79kB)
    Total RW  Size (RW Data + ZI Data)              6136 (   5.99kB)
    Total ROM Size (Code + RO Data + RW Data)      23472 (  22.92kB)

==============================================================================

